
/Users/nebel/Library/Caches/arduino/sketches/3F136242FDA95643768F625D60038FD5/varblink0.ino.elf:     file format elf32-avr


Disassembly of section .text:

00000000 <__vectors>:
__vectors():
../../../../crt1/gcrt1.S:65
   0:	0c 94 b3 00 	jmp	0x166	; 0x166 <__ctors_end>
../../../../crt1/gcrt1.S:67
   4:	0c 94 c5 00 	jmp	0x18a	; 0x18a <__bad_interrupt>
../../../../crt1/gcrt1.S:68
   8:	0c 94 c5 00 	jmp	0x18a	; 0x18a <__bad_interrupt>
../../../../crt1/gcrt1.S:69
   c:	0c 94 c5 00 	jmp	0x18a	; 0x18a <__bad_interrupt>
../../../../crt1/gcrt1.S:70
  10:	0c 94 c5 00 	jmp	0x18a	; 0x18a <__bad_interrupt>
../../../../crt1/gcrt1.S:71
  14:	0c 94 c5 00 	jmp	0x18a	; 0x18a <__bad_interrupt>
../../../../crt1/gcrt1.S:72
  18:	0c 94 c5 00 	jmp	0x18a	; 0x18a <__bad_interrupt>
../../../../crt1/gcrt1.S:73
  1c:	0c 94 c5 00 	jmp	0x18a	; 0x18a <__bad_interrupt>
../../../../crt1/gcrt1.S:74
  20:	0c 94 c5 00 	jmp	0x18a	; 0x18a <__bad_interrupt>
../../../../crt1/gcrt1.S:75
  24:	0c 94 c5 00 	jmp	0x18a	; 0x18a <__bad_interrupt>
../../../../crt1/gcrt1.S:76
  28:	0c 94 c5 00 	jmp	0x18a	; 0x18a <__bad_interrupt>
../../../../crt1/gcrt1.S:77
  2c:	0c 94 c5 00 	jmp	0x18a	; 0x18a <__bad_interrupt>
../../../../crt1/gcrt1.S:78
  30:	0c 94 c5 00 	jmp	0x18a	; 0x18a <__bad_interrupt>
../../../../crt1/gcrt1.S:79
  34:	0c 94 c5 00 	jmp	0x18a	; 0x18a <__bad_interrupt>
../../../../crt1/gcrt1.S:80
  38:	0c 94 c5 00 	jmp	0x18a	; 0x18a <__bad_interrupt>
../../../../crt1/gcrt1.S:81
  3c:	0c 94 c5 00 	jmp	0x18a	; 0x18a <__bad_interrupt>
../../../../crt1/gcrt1.S:82
  40:	0c 94 c5 00 	jmp	0x18a	; 0x18a <__bad_interrupt>
../../../../crt1/gcrt1.S:83
  44:	0c 94 c5 00 	jmp	0x18a	; 0x18a <__bad_interrupt>
../../../../crt1/gcrt1.S:84
  48:	0c 94 8f 01 	jmp	0x31e	; 0x31e <__vector_18>
../../../../crt1/gcrt1.S:85
  4c:	0c 94 c5 00 	jmp	0x18a	; 0x18a <__bad_interrupt>
../../../../crt1/gcrt1.S:86
  50:	0c 94 c5 00 	jmp	0x18a	; 0x18a <__bad_interrupt>
../../../../crt1/gcrt1.S:87
  54:	0c 94 c5 00 	jmp	0x18a	; 0x18a <__bad_interrupt>
../../../../crt1/gcrt1.S:88
  58:	0c 94 c5 00 	jmp	0x18a	; 0x18a <__bad_interrupt>
../../../../crt1/gcrt1.S:89
  5c:	0c 94 c5 00 	jmp	0x18a	; 0x18a <__bad_interrupt>
../../../../crt1/gcrt1.S:90
  60:	0c 94 c5 00 	jmp	0x18a	; 0x18a <__bad_interrupt>
../../../../crt1/gcrt1.S:91
  64:	0c 94 c5 00 	jmp	0x18a	; 0x18a <__bad_interrupt>
../../../../crt1/gcrt1.S:92
  68:	0c 94 c5 00 	jmp	0x18a	; 0x18a <__bad_interrupt>
../../../../crt1/gcrt1.S:93
  6c:	0c 94 c5 00 	jmp	0x18a	; 0x18a <__bad_interrupt>
../../../../crt1/gcrt1.S:94
  70:	0c 94 c5 00 	jmp	0x18a	; 0x18a <__bad_interrupt>
../../../../crt1/gcrt1.S:95
  74:	0c 94 c5 00 	jmp	0x18a	; 0x18a <__bad_interrupt>
../../../../crt1/gcrt1.S:96
  78:	0c 94 c5 00 	jmp	0x18a	; 0x18a <__bad_interrupt>
../../../../crt1/gcrt1.S:97
  7c:	0c 94 c5 00 	jmp	0x18a	; 0x18a <__bad_interrupt>
../../../../crt1/gcrt1.S:98
  80:	0c 94 c5 00 	jmp	0x18a	; 0x18a <__bad_interrupt>
../../../../crt1/gcrt1.S:99
  84:	0c 94 c5 00 	jmp	0x18a	; 0x18a <__bad_interrupt>
../../../../crt1/gcrt1.S:100
  88:	0c 94 c5 00 	jmp	0x18a	; 0x18a <__bad_interrupt>
../../../../crt1/gcrt1.S:101
  8c:	0c 94 c5 00 	jmp	0x18a	; 0x18a <__bad_interrupt>
../../../../crt1/gcrt1.S:102
  90:	0c 94 c5 00 	jmp	0x18a	; 0x18a <__bad_interrupt>
../../../../crt1/gcrt1.S:103
  94:	0c 94 c5 00 	jmp	0x18a	; 0x18a <__bad_interrupt>
../../../../crt1/gcrt1.S:104
  98:	0c 94 c5 00 	jmp	0x18a	; 0x18a <__bad_interrupt>
../../../../crt1/gcrt1.S:105
  9c:	0c 94 c5 00 	jmp	0x18a	; 0x18a <__bad_interrupt>
../../../../crt1/gcrt1.S:106
  a0:	0c 94 c5 00 	jmp	0x18a	; 0x18a <__bad_interrupt>
../../../../crt1/gcrt1.S:107
  a4:	0c 94 c5 00 	jmp	0x18a	; 0x18a <__bad_interrupt>
../../../../crt1/gcrt1.S:108
  a8:	0c 94 c5 00 	jmp	0x18a	; 0x18a <__bad_interrupt>
../../../../crt1/gcrt1.S:109
  ac:	0c 94 c5 00 	jmp	0x18a	; 0x18a <__bad_interrupt>
../../../../crt1/gcrt1.S:110
  b0:	0c 94 c5 00 	jmp	0x18a	; 0x18a <__bad_interrupt>
../../../../crt1/gcrt1.S:111
  b4:	0c 94 c5 00 	jmp	0x18a	; 0x18a <__bad_interrupt>
../../../../crt1/gcrt1.S:112
  b8:	0c 94 c5 00 	jmp	0x18a	; 0x18a <__bad_interrupt>
../../../../crt1/gcrt1.S:113
  bc:	0c 94 c5 00 	jmp	0x18a	; 0x18a <__bad_interrupt>
../../../../crt1/gcrt1.S:114
  c0:	0c 94 c5 00 	jmp	0x18a	; 0x18a <__bad_interrupt>
../../../../crt1/gcrt1.S:115
  c4:	0c 94 c5 00 	jmp	0x18a	; 0x18a <__bad_interrupt>
../../../../crt1/gcrt1.S:116
  c8:	0c 94 c5 00 	jmp	0x18a	; 0x18a <__bad_interrupt>

000000cc <__trampolines_end>:
__trampolines_start():
  cc:	00 00       	nop
  ce:	21 00       	.word	0x0021	; ????
  d0:	24 00       	.word	0x0024	; ????
  d2:	27 00       	.word	0x0027	; ????
  d4:	2a 00       	.word	0x002a	; ????
  d6:	2d 00       	.word	0x002d	; ????

000000d8 <port_to_input_PGM>:
  d8:	00 00 20 00 23 00 26 00 29 00 2c 00                 .. .#.&.).,.

000000e4 <port_to_output_PGM>:
  e4:	00 00 22 00 25 00 28 00 2b 00 2e 00                 ..".%.(.+...

000000f0 <digital_pin_to_port_PGM>:
  f0:	02 02 02 02 02 02 02 02 04 04 04 04 04 04 04 04     ................
 100:	03 03 03 03 03 03 03 03 01 01 01 01 01 01 01 01     ................
 110:	05 05 05 05 05 05 05                                .......

00000117 <digital_pin_to_bit_mask_PGM>:
 117:	01 02 04 08 10 20 40 80 01 02 04 08 10 20 40 80     ..... @...... @.
 127:	01 02 04 08 10 20 40 80 01 02 04 08 10 20 40 80     ..... @...... @.
 137:	01 02 04 08 10 20 40                                ..... @

0000013e <digital_pin_to_timer_PGM>:
 13e:	00 00 00 02 03 00 0a 0b 00 00 00 00 05 04 09 08     ................
 14e:	00 00 00 00 0d 00 00 00 00 00 00 00 00 00 00 00     ................
	...

00000166 <__ctors_end>:
__dtors_end():
../../../../crt1/gcrt1.S:230
 166:	11 24       	eor	r1, r1
../../../../crt1/gcrt1.S:231
 168:	1f be       	out	0x3f, r1	; 63
../../../../crt1/gcrt1.S:232
 16a:	cf ef       	ldi	r28, 0xFF	; 255
../../../../crt1/gcrt1.S:241
 16c:	d8 e0       	ldi	r29, 0x08	; 8
../../../../crt1/gcrt1.S:242
 16e:	de bf       	out	0x3e, r29	; 62
../../../../crt1/gcrt1.S:244
 170:	cd bf       	out	0x3d, r28	; 61

00000172 <__do_clear_bss>:
__do_clear_bss():
/Users/jenkins/jenkins/workspace/avr-gcc-staging/label/mac-mini/gcc-build/avr/avr5/libgcc/../../../../gcc/libgcc/config/avr/lib1funcs.S:2441
 172:	21 e0       	ldi	r18, 0x01	; 1
/Users/jenkins/jenkins/workspace/avr-gcc-staging/label/mac-mini/gcc-build/avr/avr5/libgcc/../../../../gcc/libgcc/config/avr/lib1funcs.S:2442
 174:	a0 e0       	ldi	r26, 0x00	; 0
/Users/jenkins/jenkins/workspace/avr-gcc-staging/label/mac-mini/gcc-build/avr/avr5/libgcc/../../../../gcc/libgcc/config/avr/lib1funcs.S:2443
 176:	b1 e0       	ldi	r27, 0x01	; 1
/Users/jenkins/jenkins/workspace/avr-gcc-staging/label/mac-mini/gcc-build/avr/avr5/libgcc/../../../../gcc/libgcc/config/avr/lib1funcs.S:2444
 178:	01 c0       	rjmp	.+2      	; 0x17c <.do_clear_bss_start>

0000017a <.do_clear_bss_loop>:
/Users/jenkins/jenkins/workspace/avr-gcc-staging/label/mac-mini/gcc-build/avr/avr5/libgcc/../../../../gcc/libgcc/config/avr/lib1funcs.S:2446
 17a:	1d 92       	st	X+, r1

0000017c <.do_clear_bss_start>:
/Users/jenkins/jenkins/workspace/avr-gcc-staging/label/mac-mini/gcc-build/avr/avr5/libgcc/../../../../gcc/libgcc/config/avr/lib1funcs.S:2448
 17c:	aa 30       	cpi	r26, 0x0A	; 10
/Users/jenkins/jenkins/workspace/avr-gcc-staging/label/mac-mini/gcc-build/avr/avr5/libgcc/../../../../gcc/libgcc/config/avr/lib1funcs.S:2449
 17e:	b2 07       	cpc	r27, r18
/Users/jenkins/jenkins/workspace/avr-gcc-staging/label/mac-mini/gcc-build/avr/avr5/libgcc/../../../../gcc/libgcc/config/avr/lib1funcs.S:2450
 180:	e1 f7       	brne	.-8      	; 0x17a <.do_clear_bss_loop>
.do_clear_bss_start():
../../../../crt1/gcrt1.S:314
 182:	0e 94 d9 01 	call	0x3b2	; 0x3b2 <main>
../../../../crt1/gcrt1.S:315
 186:	0c 94 89 02 	jmp	0x512	; 0x512 <_exit>

0000018a <__bad_interrupt>:
__vector_38():
../../../../crt1/gcrt1.S:209
 18a:	0c 94 00 00 	jmp	0	; 0x0 <__vectors>

0000018e <turnOffPWM>:
turnOffPWM():
/Users/nebel/Library/Arduino15/packages/MightyCore/hardware/avr/3.0.3/cores/MCUdude_corefiles/wiring_digital.c:77
//
//static inline void turnOffPWM(uint8_t timer) __attribute__ ((always_inline));
//static inline void turnOffPWM(uint8_t timer)
static void turnOffPWM(uint8_t timer)
{
  switch (timer)
 18e:	82 50       	subi	r24, 0x02	; 2
 190:	8d 30       	cpi	r24, 0x0D	; 13
 192:	08 f0       	brcs	.+2      	; 0x196 <turnOffPWM+0x8>
 194:	3e c0       	rjmp	.+124    	; 0x212 <turnOffPWM+0x84>
 196:	e8 2f       	mov	r30, r24
 198:	f0 e0       	ldi	r31, 0x00	; 0
 19a:	ef 52       	subi	r30, 0x2F	; 47
 19c:	ff 4f       	sbci	r31, 0xFF	; 255
 19e:	0c 94 83 02 	jmp	0x506	; 0x506 <__tablejump2__>
 1a2:	06 01       	movw	r0, r12
 1a4:	0a 01       	movw	r0, r20
 1a6:	de 00       	.word	0x00de	; ????
 1a8:	e4 00       	.word	0x00e4	; ????
 1aa:	09 01       	movw	r0, r18
 1ac:	09 01       	movw	r0, r18
 1ae:	e8 00       	.word	0x00e8	; ????
 1b0:	ee 00       	.word	0x00ee	; ????
 1b2:	f2 00       	.word	0x00f2	; ????
 1b4:	f8 00       	.word	0x00f8	; ????
 1b6:	09 01       	movw	r0, r18
 1b8:	fc 00       	.word	0x00fc	; ????
 1ba:	02 01       	movw	r0, r4
/Users/nebel/Library/Arduino15/packages/MightyCore/hardware/avr/3.0.3/cores/MCUdude_corefiles/wiring_digital.c:82
  {
    // Timer1
    #if defined(TCCR1A) && defined(COM1A1)
      case TIMER1A:
        TCCR1A &= ~_BV(COM1A1);
 1bc:	80 91 80 00 	lds	r24, 0x0080	; 0x800080 <__TEXT_REGION_LENGTH__+0x7f8080>
 1c0:	8f 77       	andi	r24, 0x7F	; 127
/Users/nebel/Library/Arduino15/packages/MightyCore/hardware/avr/3.0.3/cores/MCUdude_corefiles/wiring_digital.c:87
        break;
    #endif
    #if defined(TCCR1A) && defined(COM1B1)
      case TIMER1B:
        TCCR1A &= ~_BV(COM1B1);
 1c2:	80 93 80 00 	sts	0x0080, r24	; 0x800080 <__TEXT_REGION_LENGTH__+0x7f8080>
 1c6:	08 95       	ret
 1c8:	80 91 80 00 	lds	r24, 0x0080	; 0x800080 <__TEXT_REGION_LENGTH__+0x7f8080>
 1cc:	8f 7d       	andi	r24, 0xDF	; 223
 1ce:	f9 cf       	rjmp	.-14     	; 0x1c2 <turnOffPWM+0x34>
/Users/nebel/Library/Arduino15/packages/MightyCore/hardware/avr/3.0.3/cores/MCUdude_corefiles/wiring_digital.c:104
        TCCR2 &= ~_BV(COM21);
        break;
    #endif
    #if defined(TCCR2A) && defined(COM2A1)
      case TIMER2A:
        TCCR2A &= ~_BV(COM2A1);
 1d0:	80 91 b0 00 	lds	r24, 0x00B0	; 0x8000b0 <__TEXT_REGION_LENGTH__+0x7f80b0>
 1d4:	8f 77       	andi	r24, 0x7F	; 127
/Users/nebel/Library/Arduino15/packages/MightyCore/hardware/avr/3.0.3/cores/MCUdude_corefiles/wiring_digital.c:109
        break;
    #endif
    #if defined(TCCR2A) && defined(COM2B1)
      case TIMER2B:
        TCCR2A &= ~_BV(COM2B1);
 1d6:	80 93 b0 00 	sts	0x00B0, r24	; 0x8000b0 <__TEXT_REGION_LENGTH__+0x7f80b0>
 1da:	08 95       	ret
 1dc:	80 91 b0 00 	lds	r24, 0x00B0	; 0x8000b0 <__TEXT_REGION_LENGTH__+0x7f80b0>
 1e0:	8f 7d       	andi	r24, 0xDF	; 223
 1e2:	f9 cf       	rjmp	.-14     	; 0x1d6 <turnOffPWM+0x48>
/Users/nebel/Library/Arduino15/packages/MightyCore/hardware/avr/3.0.3/cores/MCUdude_corefiles/wiring_digital.c:116
    #endif

    // Timer3
    #if defined(TCCR3A) && defined(COM3A1)
      case TIMER3A:
        TCCR3A &= ~_BV(COM3A1);
 1e4:	80 91 90 00 	lds	r24, 0x0090	; 0x800090 <__TEXT_REGION_LENGTH__+0x7f8090>
 1e8:	8f 77       	andi	r24, 0x7F	; 127
/Users/nebel/Library/Arduino15/packages/MightyCore/hardware/avr/3.0.3/cores/MCUdude_corefiles/wiring_digital.c:121
        break;
    #endif
    #if defined(TCCR3A) && defined(COM3B1)
      case TIMER3B:
        TCCR3A &= ~_BV(COM3B1);
 1ea:	80 93 90 00 	sts	0x0090, r24	; 0x800090 <__TEXT_REGION_LENGTH__+0x7f8090>
 1ee:	08 95       	ret
 1f0:	80 91 90 00 	lds	r24, 0x0090	; 0x800090 <__TEXT_REGION_LENGTH__+0x7f8090>
 1f4:	8f 7d       	andi	r24, 0xDF	; 223
 1f6:	f9 cf       	rjmp	.-14     	; 0x1ea <turnOffPWM+0x5c>
/Users/nebel/Library/Arduino15/packages/MightyCore/hardware/avr/3.0.3/cores/MCUdude_corefiles/wiring_digital.c:133
    #endif

    // Timer4
    #if defined(TCCR4A) && defined(COM4A1)
      case TIMER4A:
        TCCR4A &= ~_BV(COM4A1);
 1f8:	80 91 a0 00 	lds	r24, 0x00A0	; 0x8000a0 <__TEXT_REGION_LENGTH__+0x7f80a0>
 1fc:	8f 77       	andi	r24, 0x7F	; 127
/Users/nebel/Library/Arduino15/packages/MightyCore/hardware/avr/3.0.3/cores/MCUdude_corefiles/wiring_digital.c:138
        break;
    #endif
    #if defined(TCCR4A) && defined(COM4B1)
      case  TIMER4B:
        TCCR4A &= ~_BV(COM4B1);
 1fe:	80 93 a0 00 	sts	0x00A0, r24	; 0x8000a0 <__TEXT_REGION_LENGTH__+0x7f80a0>
 202:	08 95       	ret
 204:	80 91 a0 00 	lds	r24, 0x00A0	; 0x8000a0 <__TEXT_REGION_LENGTH__+0x7f80a0>
 208:	8f 7d       	andi	r24, 0xDF	; 223
 20a:	f9 cf       	rjmp	.-14     	; 0x1fe <turnOffPWM+0x70>
/Users/nebel/Library/Arduino15/packages/MightyCore/hardware/avr/3.0.3/cores/MCUdude_corefiles/wiring_digital.c:176
        TCCR0 &= ~_BV(COM01);
        break;
    #endif
    #if defined(TCCR0A) && defined(COM0A1)
      case TIMER0A:
        TCCR0A &= ~_BV(COM0A1);
 20c:	84 b5       	in	r24, 0x24	; 36
 20e:	8f 77       	andi	r24, 0x7F	; 127
/Users/nebel/Library/Arduino15/packages/MightyCore/hardware/avr/3.0.3/cores/MCUdude_corefiles/wiring_digital.c:181
        break;
    #endif
    #if defined(TCCR0A) && defined(COM0B1)
      case TIMER0B:
        TCCR0A &= ~_BV(COM0B1);
 210:	84 bd       	out	0x24, r24	; 36
/Users/nebel/Library/Arduino15/packages/MightyCore/hardware/avr/3.0.3/cores/MCUdude_corefiles/wiring_digital.c:185
        break;
    #endif
  }
}
 212:	08 95       	ret
/Users/nebel/Library/Arduino15/packages/MightyCore/hardware/avr/3.0.3/cores/MCUdude_corefiles/wiring_digital.c:181
        TCCR0A &= ~_BV(COM0A1);
        break;
    #endif
    #if defined(TCCR0A) && defined(COM0B1)
      case TIMER0B:
        TCCR0A &= ~_BV(COM0B1);
 214:	84 b5       	in	r24, 0x24	; 36
 216:	8f 7d       	andi	r24, 0xDF	; 223
 218:	fb cf       	rjmp	.-10     	; 0x210 <turnOffPWM+0x82>

0000021a <digitalWrite.constprop.1>:
digitalWrite.constprop.1():
/Users/nebel/Library/Arduino15/packages/MightyCore/hardware/avr/3.0.3/cores/MCUdude_corefiles/wiring_digital.c:187
        break;
    #endif
  }
}

void digitalWrite(uint8_t pin, uint8_t val)
 21a:	1f 93       	push	r17
 21c:	cf 93       	push	r28
 21e:	df 93       	push	r29
/Users/nebel/Library/Arduino15/packages/MightyCore/hardware/avr/3.0.3/cores/MCUdude_corefiles/wiring_digital.c:189
{
  uint8_t timer = digitalPinToTimer(pin);
 220:	e5 e5       	ldi	r30, 0x55	; 85
 222:	f1 e0       	ldi	r31, 0x01	; 1
 224:	94 91       	lpm	r25, Z
/Users/nebel/Library/Arduino15/packages/MightyCore/hardware/avr/3.0.3/cores/MCUdude_corefiles/wiring_digital.c:190
  uint8_t bit = digitalPinToBitMask(pin);
 226:	ee e2       	ldi	r30, 0x2E	; 46
 228:	f1 e0       	ldi	r31, 0x01	; 1
 22a:	d4 91       	lpm	r29, Z
/Users/nebel/Library/Arduino15/packages/MightyCore/hardware/avr/3.0.3/cores/MCUdude_corefiles/wiring_digital.c:191
  uint8_t port = digitalPinToPort(pin);
 22c:	e7 e0       	ldi	r30, 0x07	; 7
 22e:	f1 e0       	ldi	r31, 0x01	; 1
 230:	c4 91       	lpm	r28, Z
/Users/nebel/Library/Arduino15/packages/MightyCore/hardware/avr/3.0.3/cores/MCUdude_corefiles/wiring_digital.c:194
  volatile uint8_t *out;

  if (port == NOT_A_PIN) return;
 232:	cc 23       	and	r28, r28
 234:	b9 f0       	breq	.+46     	; 0x264 <digitalWrite.constprop.1+0x4a>
 236:	18 2f       	mov	r17, r24
/Users/nebel/Library/Arduino15/packages/MightyCore/hardware/avr/3.0.3/cores/MCUdude_corefiles/wiring_digital.c:198

  // If the pin that support PWM output, we need to turn it off
  // before doing a digital write.
  if (timer != NOT_ON_TIMER) turnOffPWM(timer);
 238:	99 23       	and	r25, r25
 23a:	19 f0       	breq	.+6      	; 0x242 <digitalWrite.constprop.1+0x28>
 23c:	89 2f       	mov	r24, r25
 23e:	0e 94 c7 00 	call	0x18e	; 0x18e <turnOffPWM>
/Users/nebel/Library/Arduino15/packages/MightyCore/hardware/avr/3.0.3/cores/MCUdude_corefiles/wiring_digital.c:200

  out = portOutputRegister(port);
 242:	ec 2f       	mov	r30, r28
 244:	f0 e0       	ldi	r31, 0x00	; 0
 246:	ee 0f       	add	r30, r30
 248:	ff 1f       	adc	r31, r31
 24a:	ec 51       	subi	r30, 0x1C	; 28
 24c:	ff 4f       	sbci	r31, 0xFF	; 255
 24e:	a5 91       	lpm	r26, Z+
 250:	b4 91       	lpm	r27, Z
/Users/nebel/Library/Arduino15/packages/MightyCore/hardware/avr/3.0.3/cores/MCUdude_corefiles/wiring_digital.c:202

  uint8_t oldSREG = SREG;
 252:	8f b7       	in	r24, 0x3f	; 63
/Users/nebel/Library/Arduino15/packages/MightyCore/hardware/avr/3.0.3/cores/MCUdude_corefiles/wiring_digital.c:203
  cli();
 254:	f8 94       	cli
/Users/nebel/Library/Arduino15/packages/MightyCore/hardware/avr/3.0.3/cores/MCUdude_corefiles/wiring_digital.c:206

  if (val == LOW) {
    *out &= ~bit;
 256:	ec 91       	ld	r30, X
/Users/nebel/Library/Arduino15/packages/MightyCore/hardware/avr/3.0.3/cores/MCUdude_corefiles/wiring_digital.c:205
  out = portOutputRegister(port);

  uint8_t oldSREG = SREG;
  cli();

  if (val == LOW) {
 258:	11 11       	cpse	r17, r1
 25a:	08 c0       	rjmp	.+16     	; 0x26c <digitalWrite.constprop.1+0x52>
/Users/nebel/Library/Arduino15/packages/MightyCore/hardware/avr/3.0.3/cores/MCUdude_corefiles/wiring_digital.c:206
    *out &= ~bit;
 25c:	d0 95       	com	r29
 25e:	de 23       	and	r29, r30
/Users/nebel/Library/Arduino15/packages/MightyCore/hardware/avr/3.0.3/cores/MCUdude_corefiles/wiring_digital.c:208
  } else {
    *out |= bit;
 260:	dc 93       	st	X, r29
/Users/nebel/Library/Arduino15/packages/MightyCore/hardware/avr/3.0.3/cores/MCUdude_corefiles/wiring_digital.c:211
  }

  SREG = oldSREG;
 262:	8f bf       	out	0x3f, r24	; 63
/Users/nebel/Library/Arduino15/packages/MightyCore/hardware/avr/3.0.3/cores/MCUdude_corefiles/wiring_digital.c:212
}
 264:	df 91       	pop	r29
 266:	cf 91       	pop	r28
 268:	1f 91       	pop	r17
 26a:	08 95       	ret
/Users/nebel/Library/Arduino15/packages/MightyCore/hardware/avr/3.0.3/cores/MCUdude_corefiles/wiring_digital.c:208
  cli();

  if (val == LOW) {
    *out &= ~bit;
  } else {
    *out |= bit;
 26c:	de 2b       	or	r29, r30
 26e:	f8 cf       	rjmp	.-16     	; 0x260 <digitalWrite.constprop.1+0x46>

00000270 <micros>:
micros():
/Users/nebel/Library/Arduino15/packages/MightyCore/hardware/avr/3.0.3/cores/MCUdude_corefiles/wiring.c:237
  unsigned char f; // temporary storage for millis fraction counter
  unsigned char q = 0; // record whether an overflow is flagged
#endif
  // t will be the number where the timer0 counter stopped
  uint8_t t;
  uint8_t oldSREG = SREG;
 270:	3f b7       	in	r19, 0x3f	; 63
/Users/nebel/Library/Arduino15/packages/MightyCore/hardware/avr/3.0.3/cores/MCUdude_corefiles/wiring.c:240

  // Stop all interrupts
  cli();
 272:	f8 94       	cli
/Users/nebel/Library/Arduino15/packages/MightyCore/hardware/avr/3.0.3/cores/MCUdude_corefiles/wiring.c:247
#ifdef CORRECT_EXACT_MICROS
  // combine exact millisec and 8usec counters
  m = timer0_millis;
  f = timer0_fract;
#else
  m = timer0_overflow_count;
 274:	80 91 06 01 	lds	r24, 0x0106	; 0x800106 <timer0_overflow_count>
 278:	90 91 07 01 	lds	r25, 0x0107	; 0x800107 <timer0_overflow_count+0x1>
 27c:	a0 91 08 01 	lds	r26, 0x0108	; 0x800108 <timer0_overflow_count+0x2>
 280:	b0 91 09 01 	lds	r27, 0x0109	; 0x800109 <timer0_overflow_count+0x3>
/Users/nebel/Library/Arduino15/packages/MightyCore/hardware/avr/3.0.3/cores/MCUdude_corefiles/wiring.c:252
#endif

  // TCNT0 : The Timer Counter Register
#if defined(TCNT0)
  t = TCNT0;
 284:	26 b5       	in	r18, 0x26	; 38
/Users/nebel/Library/Arduino15/packages/MightyCore/hardware/avr/3.0.3/cores/MCUdude_corefiles/wiring.c:261
  #error TIMER 0 not defined
#endif

  // Timer0 Interrupt Flag Register
#ifdef TIFR0
  if ((TIFR0 & _BV(TOV0)) && (t < 255))
 286:	a8 9b       	sbis	0x15, 0	; 21
 288:	05 c0       	rjmp	.+10     	; 0x294 <micros+0x24>
 28a:	2f 3f       	cpi	r18, 0xFF	; 255
 28c:	19 f0       	breq	.+6      	; 0x294 <micros+0x24>
/Users/nebel/Library/Arduino15/packages/MightyCore/hardware/avr/3.0.3/cores/MCUdude_corefiles/wiring.c:263
#ifndef CORRECT_EXACT_MICROS
    m++;
 28e:	01 96       	adiw	r24, 0x01	; 1
 290:	a1 1d       	adc	r26, r1
 292:	b1 1d       	adc	r27, r1
/Users/nebel/Library/Arduino15/packages/MightyCore/hardware/avr/3.0.3/cores/MCUdude_corefiles/wiring.c:276
#else
    q = 1;
#endif
#endif
  // Restore SREG
  SREG = oldSREG;
 294:	3f bf       	out	0x3f, r19	; 63
/Users/nebel/Library/Arduino15/packages/MightyCore/hardware/avr/3.0.3/cores/MCUdude_corefiles/wiring.c:292
      ((t * MICROSECONDS_PER_TIMER0_OVERFLOW) >> 8);
  return q ? m + MICROSECONDS_PER_TIMER0_OVERFLOW : m;
#elif 1
  /* All power-of-two Megahertz frequencies enter here, as well as 12.8 MHz.
     We only end up here if right shift before multiplication is exact. */
  return ((m << 8) + t) * (MICROSECONDS_PER_TIMER0_OVERFLOW >> 8);
 296:	ba 2f       	mov	r27, r26
 298:	a9 2f       	mov	r26, r25
 29a:	98 2f       	mov	r25, r24
 29c:	88 27       	eor	r24, r24
 29e:	bc 01       	movw	r22, r24
 2a0:	cd 01       	movw	r24, r26
 2a2:	62 0f       	add	r22, r18
 2a4:	71 1d       	adc	r23, r1
 2a6:	81 1d       	adc	r24, r1
 2a8:	91 1d       	adc	r25, r1
 2aa:	42 e0       	ldi	r20, 0x02	; 2
 2ac:	66 0f       	add	r22, r22
 2ae:	77 1f       	adc	r23, r23
 2b0:	88 1f       	adc	r24, r24
 2b2:	99 1f       	adc	r25, r25
 2b4:	4a 95       	dec	r20
 2b6:	d1 f7       	brne	.-12     	; 0x2ac <micros+0x3c>
/Users/nebel/Library/Arduino15/packages/MightyCore/hardware/avr/3.0.3/cores/MCUdude_corefiles/wiring.c:393
  // m & t are multiplied by 4 (since it was already multiplied by 256)
  // t is multiplied by 4
  return ((m << 8) + t) * (64 / clockCyclesPerMicrosecond());
#endif
#endif // 0
}
 2b8:	08 95       	ret

000002ba <delay>:
delay():
/Users/nebel/Library/Arduino15/packages/MightyCore/hardware/avr/3.0.3/cores/MCUdude_corefiles/wiring.c:396

void delay(unsigned long ms)
{
 2ba:	8f 92       	push	r8
 2bc:	9f 92       	push	r9
 2be:	af 92       	push	r10
 2c0:	bf 92       	push	r11
 2c2:	cf 92       	push	r12
 2c4:	df 92       	push	r13
 2c6:	ef 92       	push	r14
 2c8:	ff 92       	push	r15
 2ca:	4b 01       	movw	r8, r22
 2cc:	5c 01       	movw	r10, r24
/Users/nebel/Library/Arduino15/packages/MightyCore/hardware/avr/3.0.3/cores/MCUdude_corefiles/wiring.c:397
  unsigned long start = micros();
 2ce:	0e 94 38 01 	call	0x270	; 0x270 <micros>
 2d2:	6b 01       	movw	r12, r22
 2d4:	7c 01       	movw	r14, r24
/Users/nebel/Library/Arduino15/packages/MightyCore/hardware/avr/3.0.3/cores/MCUdude_corefiles/wiring.c:401

  while (ms > 0UL) {
    yield();
    while (ms > 0UL && (micros() - start) >= 1000UL) {
 2d6:	0e 94 38 01 	call	0x270	; 0x270 <micros>
 2da:	6c 19       	sub	r22, r12
 2dc:	7d 09       	sbc	r23, r13
 2de:	8e 09       	sbc	r24, r14
 2e0:	9f 09       	sbc	r25, r15
 2e2:	68 3e       	cpi	r22, 0xE8	; 232
 2e4:	73 40       	sbci	r23, 0x03	; 3
 2e6:	81 05       	cpc	r24, r1
 2e8:	91 05       	cpc	r25, r1
 2ea:	a8 f3       	brcs	.-22     	; 0x2d6 <delay+0x1c>
/Users/nebel/Library/Arduino15/packages/MightyCore/hardware/avr/3.0.3/cores/MCUdude_corefiles/wiring.c:402
      ms--;
 2ec:	21 e0       	ldi	r18, 0x01	; 1
 2ee:	82 1a       	sub	r8, r18
 2f0:	91 08       	sbc	r9, r1
 2f2:	a1 08       	sbc	r10, r1
 2f4:	b1 08       	sbc	r11, r1
/Users/nebel/Library/Arduino15/packages/MightyCore/hardware/avr/3.0.3/cores/MCUdude_corefiles/wiring.c:403
      start += 1000UL;
 2f6:	88 ee       	ldi	r24, 0xE8	; 232
 2f8:	c8 0e       	add	r12, r24
 2fa:	83 e0       	ldi	r24, 0x03	; 3
 2fc:	d8 1e       	adc	r13, r24
 2fe:	e1 1c       	adc	r14, r1
 300:	f1 1c       	adc	r15, r1
/Users/nebel/Library/Arduino15/packages/MightyCore/hardware/avr/3.0.3/cores/MCUdude_corefiles/wiring.c:401
{
  unsigned long start = micros();

  while (ms > 0UL) {
    yield();
    while (ms > 0UL && (micros() - start) >= 1000UL) {
 302:	81 14       	cp	r8, r1
 304:	91 04       	cpc	r9, r1
 306:	a1 04       	cpc	r10, r1
 308:	b1 04       	cpc	r11, r1
 30a:	29 f7       	brne	.-54     	; 0x2d6 <delay+0x1c>
/Users/nebel/Library/Arduino15/packages/MightyCore/hardware/avr/3.0.3/cores/MCUdude_corefiles/wiring.c:406
      ms--;
      start += 1000UL;
    }
  }
}
 30c:	ff 90       	pop	r15
 30e:	ef 90       	pop	r14
 310:	df 90       	pop	r13
 312:	cf 90       	pop	r12
 314:	bf 90       	pop	r11
 316:	af 90       	pop	r10
 318:	9f 90       	pop	r9
 31a:	8f 90       	pop	r8
 31c:	08 95       	ret

0000031e <__vector_18>:
__vector_18():
/Users/nebel/Library/Arduino15/packages/MightyCore/hardware/avr/3.0.3/cores/MCUdude_corefiles/wiring.c:159
#if defined(__AVR_ATtiny24__) || defined(__AVR_ATtiny44__) || defined(__AVR_ATtiny84__)
ISR(TIM0_OVF_vect)
#else
ISR(TIMER0_OVF_vect)
#endif
{
 31e:	1f 92       	push	r1
 320:	0f 92       	push	r0
 322:	0f b6       	in	r0, 0x3f	; 63
 324:	0f 92       	push	r0
 326:	11 24       	eor	r1, r1
 328:	2f 93       	push	r18
 32a:	3f 93       	push	r19
 32c:	8f 93       	push	r24
 32e:	9f 93       	push	r25
 330:	af 93       	push	r26
 332:	bf 93       	push	r27
/Users/nebel/Library/Arduino15/packages/MightyCore/hardware/avr/3.0.3/cores/MCUdude_corefiles/wiring.c:167
  static unsigned char timer0_exact = 0;
#endif

  // copy these to local variables so they can be stored in registers
  // (volatile variables must be read from memory on every access, so this saves time)
  unsigned long m = timer0_millis;
 334:	80 91 02 01 	lds	r24, 0x0102	; 0x800102 <timer0_millis>
 338:	90 91 03 01 	lds	r25, 0x0103	; 0x800103 <timer0_millis+0x1>
 33c:	a0 91 04 01 	lds	r26, 0x0104	; 0x800104 <timer0_millis+0x2>
 340:	b0 91 05 01 	lds	r27, 0x0105	; 0x800105 <timer0_millis+0x3>
/Users/nebel/Library/Arduino15/packages/MightyCore/hardware/avr/3.0.3/cores/MCUdude_corefiles/wiring.c:168
  unsigned char f = timer0_fract;
 344:	30 91 01 01 	lds	r19, 0x0101	; 0x800101 <timer0_fract>
/Users/nebel/Library/Arduino15/packages/MightyCore/hardware/avr/3.0.3/cores/MCUdude_corefiles/wiring.c:170

  f += FRACT_INC FRACT_INC_PLUS;
 348:	23 e0       	ldi	r18, 0x03	; 3
 34a:	23 0f       	add	r18, r19
/Users/nebel/Library/Arduino15/packages/MightyCore/hardware/avr/3.0.3/cores/MCUdude_corefiles/wiring.c:200
    ++f;
  }
#endif
#endif // CORRECT_EXACT_MILLIS

  if (f >= FRACT_MAX) {
 34c:	2d 37       	cpi	r18, 0x7D	; 125
 34e:	68 f1       	brcs	.+90     	; 0x3aa <__vector_18+0x8c>
/Users/nebel/Library/Arduino15/packages/MightyCore/hardware/avr/3.0.3/cores/MCUdude_corefiles/wiring.c:201
    f -= FRACT_MAX;
 350:	26 e8       	ldi	r18, 0x86	; 134
 352:	23 0f       	add	r18, r19
/Users/nebel/Library/Arduino15/packages/MightyCore/hardware/avr/3.0.3/cores/MCUdude_corefiles/wiring.c:202
    m += MILLIS_INC + 1;
 354:	02 96       	adiw	r24, 0x02	; 2
 356:	a1 1d       	adc	r26, r1
 358:	b1 1d       	adc	r27, r1
/Users/nebel/Library/Arduino15/packages/MightyCore/hardware/avr/3.0.3/cores/MCUdude_corefiles/wiring.c:208
  }
  else {
    m += MILLIS_INC;
  }

  timer0_fract = f;
 35a:	20 93 01 01 	sts	0x0101, r18	; 0x800101 <timer0_fract>
/Users/nebel/Library/Arduino15/packages/MightyCore/hardware/avr/3.0.3/cores/MCUdude_corefiles/wiring.c:209
  timer0_millis = m;
 35e:	80 93 02 01 	sts	0x0102, r24	; 0x800102 <timer0_millis>
 362:	90 93 03 01 	sts	0x0103, r25	; 0x800103 <timer0_millis+0x1>
 366:	a0 93 04 01 	sts	0x0104, r26	; 0x800104 <timer0_millis+0x2>
 36a:	b0 93 05 01 	sts	0x0105, r27	; 0x800105 <timer0_millis+0x3>
/Users/nebel/Library/Arduino15/packages/MightyCore/hardware/avr/3.0.3/cores/MCUdude_corefiles/wiring.c:211
#ifndef CORRECT_EXACT_MICROS
  timer0_overflow_count++;
 36e:	80 91 06 01 	lds	r24, 0x0106	; 0x800106 <timer0_overflow_count>
 372:	90 91 07 01 	lds	r25, 0x0107	; 0x800107 <timer0_overflow_count+0x1>
 376:	a0 91 08 01 	lds	r26, 0x0108	; 0x800108 <timer0_overflow_count+0x2>
 37a:	b0 91 09 01 	lds	r27, 0x0109	; 0x800109 <timer0_overflow_count+0x3>
 37e:	01 96       	adiw	r24, 0x01	; 1
 380:	a1 1d       	adc	r26, r1
 382:	b1 1d       	adc	r27, r1
 384:	80 93 06 01 	sts	0x0106, r24	; 0x800106 <timer0_overflow_count>
 388:	90 93 07 01 	sts	0x0107, r25	; 0x800107 <timer0_overflow_count+0x1>
 38c:	a0 93 08 01 	sts	0x0108, r26	; 0x800108 <timer0_overflow_count+0x2>
 390:	b0 93 09 01 	sts	0x0109, r27	; 0x800109 <timer0_overflow_count+0x3>
/Users/nebel/Library/Arduino15/packages/MightyCore/hardware/avr/3.0.3/cores/MCUdude_corefiles/wiring.c:213
#endif
}
 394:	bf 91       	pop	r27
 396:	af 91       	pop	r26
 398:	9f 91       	pop	r25
 39a:	8f 91       	pop	r24
 39c:	3f 91       	pop	r19
 39e:	2f 91       	pop	r18
 3a0:	0f 90       	pop	r0
 3a2:	0f be       	out	0x3f, r0	; 63
 3a4:	0f 90       	pop	r0
 3a6:	1f 90       	pop	r1
 3a8:	18 95       	reti
/Users/nebel/Library/Arduino15/packages/MightyCore/hardware/avr/3.0.3/cores/MCUdude_corefiles/wiring.c:205
  if (f >= FRACT_MAX) {
    f -= FRACT_MAX;
    m += MILLIS_INC + 1;
  }
  else {
    m += MILLIS_INC;
 3aa:	01 96       	adiw	r24, 0x01	; 1
 3ac:	a1 1d       	adc	r26, r1
 3ae:	b1 1d       	adc	r27, r1
 3b0:	d4 cf       	rjmp	.-88     	; 0x35a <__vector_18+0x3c>

000003b2 <main>:
main():
/Users/nebel/Library/Arduino15/packages/MightyCore/hardware/avr/3.0.3/cores/MCUdude_corefiles/wiring.c:945

void init()
{
  // this needs to be called before setup() or some functions won't
  // work there
  sei();
 3b2:	78 94       	sei
/Users/nebel/Library/Arduino15/packages/MightyCore/hardware/avr/3.0.3/cores/MCUdude_corefiles/wiring.c:957

  // On the ATmega168, timer 0 is also used for fast hardware pwm
  // (using phase-correct PWM would mean that timer 0 overflowed half as often
  // resulting in different millis() behavior on the ATmega8 and ATmega168)
#if defined(TCCR0A) && defined(WGM01)
  TCCR0A |= _BV(WGM01) | _BV(WGM00);
 3b4:	84 b5       	in	r24, 0x24	; 36
 3b6:	83 60       	ori	r24, 0x03	; 3
 3b8:	84 bd       	out	0x24, r24	; 36
/Users/nebel/Library/Arduino15/packages/MightyCore/hardware/avr/3.0.3/cores/MCUdude_corefiles/wiring.c:972
  #if defined(WGM00) && defined(WGM01) // The ATmega8 doesn't have WGM00 and WGM01
    TCCR0 |= _BV(WGM01) | _BV(WGM00);
  #endif
#elif defined(TCCR0B) && defined(CS01) && defined(CS00)
  // This combination is for the standard 168/328/640/1280/1281/2560/2561
  TCCR0B |= _BV(CS01) | _BV(CS00);
 3ba:	85 b5       	in	r24, 0x25	; 37
 3bc:	83 60       	ori	r24, 0x03	; 3
 3be:	85 bd       	out	0x25, r24	; 37
/Users/nebel/Library/Arduino15/packages/MightyCore/hardware/avr/3.0.3/cores/MCUdude_corefiles/wiring.c:984

// Enable timer 0 overflow interrupt
#if defined(TIMSK) && defined(TOIE0)
  TIMSK |= _BV(TOIE0);
#elif defined(TIMSK0) && defined(TOIE0)
  TIMSK0 |= _BV(TOIE0);
 3c0:	80 91 6e 00 	lds	r24, 0x006E	; 0x80006e <__TEXT_REGION_LENGTH__+0x7f806e>
 3c4:	81 60       	ori	r24, 0x01	; 1
 3c6:	80 93 6e 00 	sts	0x006E, r24	; 0x80006e <__TEXT_REGION_LENGTH__+0x7f806e>
/Users/nebel/Library/Arduino15/packages/MightyCore/hardware/avr/3.0.3/cores/MCUdude_corefiles/wiring.c:995
// this is better for motors as it ensures an even waveform
// note, however, that fast pwm mode can achieve a frequency of up
// 8 MHz (with a 16 MHz clock) at 50% duty cycle

#if defined(TCCR1B) && defined(CS11) && defined(CS10)
  TCCR1B = _BV(CS11); // Set timer 1 prescale factor to 64
 3ca:	82 e0       	ldi	r24, 0x02	; 2
 3cc:	80 93 81 00 	sts	0x0081, r24	; 0x800081 <__TEXT_REGION_LENGTH__+0x7f8081>
/Users/nebel/Library/Arduino15/packages/MightyCore/hardware/avr/3.0.3/cores/MCUdude_corefiles/wiring.c:997
#if F_CPU >= 8000000L
  TCCR1B |= _BV(CS10);
 3d0:	80 91 81 00 	lds	r24, 0x0081	; 0x800081 <__TEXT_REGION_LENGTH__+0x7f8081>
 3d4:	81 60       	ori	r24, 0x01	; 1
 3d6:	80 93 81 00 	sts	0x0081, r24	; 0x800081 <__TEXT_REGION_LENGTH__+0x7f8081>
/Users/nebel/Library/Arduino15/packages/MightyCore/hardware/avr/3.0.3/cores/MCUdude_corefiles/wiring.c:1006
#if F_CPU >= 8000000L
  TCCR1 |= _BV(CS10);
#endif
#endif
#if defined(TCCR1A) && defined(WGM10)
  TCCR1A |= _BV(WGM10); // Put timer 1 in 8-bit phase correct pwm mode
 3da:	80 91 80 00 	lds	r24, 0x0080	; 0x800080 <__TEXT_REGION_LENGTH__+0x7f8080>
 3de:	81 60       	ori	r24, 0x01	; 1
 3e0:	80 93 80 00 	sts	0x0080, r24	; 0x800080 <__TEXT_REGION_LENGTH__+0x7f8080>
/Users/nebel/Library/Arduino15/packages/MightyCore/hardware/avr/3.0.3/cores/MCUdude_corefiles/wiring.c:1013

// Set timer 2 prescale factor to 64
#if defined(TCCR2) && defined(CS22)
  TCCR2 |= _BV(CS22);
#elif defined(TCCR2B) && defined(CS22)
  TCCR2B |= _BV(CS22);
 3e4:	80 91 b1 00 	lds	r24, 0x00B1	; 0x8000b1 <__TEXT_REGION_LENGTH__+0x7f80b1>
 3e8:	84 60       	ori	r24, 0x04	; 4
 3ea:	80 93 b1 00 	sts	0x00B1, r24	; 0x8000b1 <__TEXT_REGION_LENGTH__+0x7f80b1>
/Users/nebel/Library/Arduino15/packages/MightyCore/hardware/avr/3.0.3/cores/MCUdude_corefiles/wiring.c:1022

// Configure timer 2 for phase correct pwm (8-bit)
#if defined(TCCR2) && defined(WGM20)
  TCCR2 |= _BV(WGM20);
#elif defined(TCCR2A) && defined(WGM20)
  TCCR2A |= _BV(WGM20);
 3ee:	80 91 b0 00 	lds	r24, 0x00B0	; 0x8000b0 <__TEXT_REGION_LENGTH__+0x7f80b0>
 3f2:	81 60       	ori	r24, 0x01	; 1
 3f4:	80 93 b0 00 	sts	0x00B0, r24	; 0x8000b0 <__TEXT_REGION_LENGTH__+0x7f80b0>
/Users/nebel/Library/Arduino15/packages/MightyCore/hardware/avr/3.0.3/cores/MCUdude_corefiles/wiring.c:1028
//#else
  // Timer 2 not finished (may not be present on this CPU)
#endif

#if defined(TCCR3B) && defined(CS31) && defined(WGM30)
  TCCR3B |= _BV(CS31) | _BV(CS30); // Set timer 3 prescale factor to 64
 3f8:	80 91 91 00 	lds	r24, 0x0091	; 0x800091 <__TEXT_REGION_LENGTH__+0x7f8091>
 3fc:	83 60       	ori	r24, 0x03	; 3
 3fe:	80 93 91 00 	sts	0x0091, r24	; 0x800091 <__TEXT_REGION_LENGTH__+0x7f8091>
/Users/nebel/Library/Arduino15/packages/MightyCore/hardware/avr/3.0.3/cores/MCUdude_corefiles/wiring.c:1029
  TCCR3A |= _BV(WGM30);            // Put timer 3 in 8-bit phase correct pwm mode
 402:	80 91 90 00 	lds	r24, 0x0090	; 0x800090 <__TEXT_REGION_LENGTH__+0x7f8090>
 406:	81 60       	ori	r24, 0x01	; 1
 408:	80 93 90 00 	sts	0x0090, r24	; 0x800090 <__TEXT_REGION_LENGTH__+0x7f8090>
/Users/nebel/Library/Arduino15/packages/MightyCore/hardware/avr/3.0.3/cores/MCUdude_corefiles/wiring.c:1038
  TCCR4B |= _BV(CS42) | _BV(CS41) | _BV(CS40); // Set timer 4 prescale factor to 64
  TCCR4D |= _BV(WGM40);                        // Put timer 4 in phase- and frequency-correct PWM mode
  TCCR4A |= _BV(PWM4A);                        // Enable PWM mode for comparator OCR4A
  TCCR4C |= _BV(PWM4D);                        // Enable PWM mode for comparator OCR4D
#elif defined(TCCR4B) && defined(CS41) && defined(WGM40)
  TCCR4B |= _BV(CS41) | _BV(CS40); // Set timer 4 prescale factor to 64
 40c:	80 91 a1 00 	lds	r24, 0x00A1	; 0x8000a1 <__TEXT_REGION_LENGTH__+0x7f80a1>
 410:	83 60       	ori	r24, 0x03	; 3
 412:	80 93 a1 00 	sts	0x00A1, r24	; 0x8000a1 <__TEXT_REGION_LENGTH__+0x7f80a1>
/Users/nebel/Library/Arduino15/packages/MightyCore/hardware/avr/3.0.3/cores/MCUdude_corefiles/wiring.c:1039
  TCCR4A |= _BV(WGM40);            // Put timer 4 in 8-bit phase correct pwm mode
 416:	80 91 a0 00 	lds	r24, 0x00A0	; 0x8000a0 <__TEXT_REGION_LENGTH__+0x7f80a0>
 41a:	81 60       	ori	r24, 0x01	; 1
 41c:	80 93 a0 00 	sts	0x00A0, r24	; 0x8000a0 <__TEXT_REGION_LENGTH__+0x7f80a0>
/Users/nebel/Library/Arduino15/packages/MightyCore/hardware/avr/3.0.3/cores/MCUdude_corefiles/wiring.c:1050
#endif

#if defined(ADCSRA)
  // set a2d prescaler so we are inside the desired 50-200 KHz range.
  #if F_CPU >= 16000000 // 16 MHz / 128 = 125 KHz
    ADCSRA = _BV(ADPS2) | _BV(ADPS1) | _BV(ADPS0) | _BV(ADEN);
 420:	87 e8       	ldi	r24, 0x87	; 135
 422:	80 93 7a 00 	sts	0x007A, r24	; 0x80007a <__TEXT_REGION_LENGTH__+0x7f807a>
/Users/nebel/Library/Arduino15/packages/MightyCore/hardware/avr/3.0.3/cores/MCUdude_corefiles/wiring.c:1070
  // here so they can be used as normal digital i/o; they will be
  // reconnected in Serial.begin()
#if defined(UCSRB)
  UCSRB = 0;
#elif defined(UCSR0B)
  UCSR0B = 0;
 426:	10 92 c1 00 	sts	0x00C1, r1	; 0x8000c1 <__TEXT_REGION_LENGTH__+0x7f80c1>
pinMode():
/Users/nebel/Library/Arduino15/packages/MightyCore/hardware/avr/3.0.3/cores/MCUdude_corefiles/wiring_digital.c:31
#include "wiring_private.h"
#include "pins_arduino.h"

void pinMode(uint8_t pin, uint8_t mode)
{
  uint8_t bit = digitalPinToBitMask(pin);
 42a:	ee e2       	ldi	r30, 0x2E	; 46
 42c:	f1 e0       	ldi	r31, 0x01	; 1
 42e:	24 91       	lpm	r18, Z
/Users/nebel/Library/Arduino15/packages/MightyCore/hardware/avr/3.0.3/cores/MCUdude_corefiles/wiring_digital.c:32
  uint8_t port = digitalPinToPort(pin);
 430:	e7 e0       	ldi	r30, 0x07	; 7
 432:	f1 e0       	ldi	r31, 0x01	; 1
 434:	84 91       	lpm	r24, Z
/Users/nebel/Library/Arduino15/packages/MightyCore/hardware/avr/3.0.3/cores/MCUdude_corefiles/wiring_digital.c:35
  volatile uint8_t *reg, *out;

  if (port == NOT_A_PIN) return;
 436:	88 23       	and	r24, r24
 438:	99 f0       	breq	.+38     	; 0x460 <__EEPROM_REGION_LENGTH__+0x60>
/Users/nebel/Library/Arduino15/packages/MightyCore/hardware/avr/3.0.3/cores/MCUdude_corefiles/wiring_digital.c:38

  // JWS: can I let the optimizer do this?
  reg = portModeRegister(port);
 43a:	90 e0       	ldi	r25, 0x00	; 0
 43c:	88 0f       	add	r24, r24
 43e:	99 1f       	adc	r25, r25
 440:	fc 01       	movw	r30, r24
 442:	e4 53       	subi	r30, 0x34	; 52
 444:	ff 4f       	sbci	r31, 0xFF	; 255
 446:	a5 91       	lpm	r26, Z+
 448:	b4 91       	lpm	r27, Z
/Users/nebel/Library/Arduino15/packages/MightyCore/hardware/avr/3.0.3/cores/MCUdude_corefiles/wiring_digital.c:39
  out = portOutputRegister(port);
 44a:	fc 01       	movw	r30, r24
 44c:	ec 51       	subi	r30, 0x1C	; 28
 44e:	ff 4f       	sbci	r31, 0xFF	; 255
 450:	85 91       	lpm	r24, Z+
 452:	94 91       	lpm	r25, Z
/Users/nebel/Library/Arduino15/packages/MightyCore/hardware/avr/3.0.3/cores/MCUdude_corefiles/wiring_digital.c:54
    cli();
    *reg &= ~bit;
    *out |= bit;
    SREG = oldSREG;
  } else {
    uint8_t oldSREG = SREG;
 454:	8f b7       	in	r24, 0x3f	; 63
/Users/nebel/Library/Arduino15/packages/MightyCore/hardware/avr/3.0.3/cores/MCUdude_corefiles/wiring_digital.c:55
    cli();
 456:	f8 94       	cli
/Users/nebel/Library/Arduino15/packages/MightyCore/hardware/avr/3.0.3/cores/MCUdude_corefiles/wiring_digital.c:56
    *reg |= bit;
 458:	ec 91       	ld	r30, X
 45a:	e2 2b       	or	r30, r18
 45c:	ec 93       	st	X, r30
/Users/nebel/Library/Arduino15/packages/MightyCore/hardware/avr/3.0.3/cores/MCUdude_corefiles/wiring_digital.c:57
    SREG = oldSREG;
 45e:	8f bf       	out	0x3f, r24	; 63
digitalRead():
/Users/nebel/Library/Arduino15/packages/MightyCore/hardware/avr/3.0.3/cores/MCUdude_corefiles/wiring_digital.c:216
  SREG = oldSREG;
}

int digitalRead(uint8_t pin)
{
  uint8_t timer = digitalPinToTimer(pin);
 460:	cf e3       	ldi	r28, 0x3F	; 63
 462:	d1 e0       	ldi	r29, 0x01	; 1
/Users/nebel/Library/Arduino15/packages/MightyCore/hardware/avr/3.0.3/cores/MCUdude_corefiles/wiring_digital.c:217
  uint8_t bit = digitalPinToBitMask(pin);
 464:	08 e1       	ldi	r16, 0x18	; 24
 466:	11 e0       	ldi	r17, 0x01	; 1
/Users/nebel/Library/Arduino15/packages/MightyCore/hardware/avr/3.0.3/cores/MCUdude_corefiles/wiring_digital.c:218
  uint8_t port = digitalPinToPort(pin);
 468:	91 ef       	ldi	r25, 0xF1	; 241
 46a:	e9 2e       	mov	r14, r25
 46c:	90 e0       	ldi	r25, 0x00	; 0
 46e:	f9 2e       	mov	r15, r25
main():
/Users/nebel/Library/Arduino15/packages/MightyCore/hardware/avr/3.0.3/cores/MCUdude_corefiles/main.cpp:47
  
  setup();
    
  for (;;) {
    loop();
    if (serialEventRun) serialEventRun();
 470:	20 e0       	ldi	r18, 0x00	; 0
 472:	c2 2e       	mov	r12, r18
 474:	20 e0       	ldi	r18, 0x00	; 0
 476:	d2 2e       	mov	r13, r18
digitalRead():
/Users/nebel/Library/Arduino15/packages/MightyCore/hardware/avr/3.0.3/cores/MCUdude_corefiles/wiring_digital.c:216
  SREG = oldSREG;
}

int digitalRead(uint8_t pin)
{
  uint8_t timer = digitalPinToTimer(pin);
 478:	fe 01       	movw	r30, r28
 47a:	84 91       	lpm	r24, Z
/Users/nebel/Library/Arduino15/packages/MightyCore/hardware/avr/3.0.3/cores/MCUdude_corefiles/wiring_digital.c:217
  uint8_t bit = digitalPinToBitMask(pin);
 47c:	f8 01       	movw	r30, r16
 47e:	a4 90       	lpm	r10, Z
/Users/nebel/Library/Arduino15/packages/MightyCore/hardware/avr/3.0.3/cores/MCUdude_corefiles/wiring_digital.c:218
  uint8_t port = digitalPinToPort(pin);
 480:	f7 01       	movw	r30, r14
 482:	b4 90       	lpm	r11, Z
/Users/nebel/Library/Arduino15/packages/MightyCore/hardware/avr/3.0.3/cores/MCUdude_corefiles/wiring_digital.c:220

  if (port == NOT_A_PIN) return LOW;
 484:	bb 20       	and	r11, r11
 486:	09 f4       	brne	.+2      	; 0x48a <__EEPROM_REGION_LENGTH__+0x8a>
 488:	3b c0       	rjmp	.+118    	; 0x500 <__EEPROM_REGION_LENGTH__+0x100>
/Users/nebel/Library/Arduino15/packages/MightyCore/hardware/avr/3.0.3/cores/MCUdude_corefiles/wiring_digital.c:224

  // If the pin that support PWM output, we need to turn it off
  // before getting a digital reading.
  if (timer != NOT_ON_TIMER) turnOffPWM(timer);
 48a:	81 11       	cpse	r24, r1
 48c:	0e 94 c7 00 	call	0x18e	; 0x18e <turnOffPWM>
/Users/nebel/Library/Arduino15/packages/MightyCore/hardware/avr/3.0.3/cores/MCUdude_corefiles/wiring_digital.c:226

  if (*portInputRegister(port) & bit) return HIGH;
 490:	eb 2d       	mov	r30, r11
 492:	f0 e0       	ldi	r31, 0x00	; 0
 494:	ee 0f       	add	r30, r30
 496:	ff 1f       	adc	r31, r31
 498:	e8 52       	subi	r30, 0x28	; 40
 49a:	ff 4f       	sbci	r31, 0xFF	; 255
 49c:	a5 91       	lpm	r26, Z+
 49e:	b4 91       	lpm	r27, Z
 4a0:	8c 91       	ld	r24, X
 4a2:	a8 22       	and	r10, r24
 4a4:	91 e0       	ldi	r25, 0x01	; 1
 4a6:	80 e0       	ldi	r24, 0x00	; 0
 4a8:	09 f4       	brne	.+2      	; 0x4ac <__EEPROM_REGION_LENGTH__+0xac>
 4aa:	90 e0       	ldi	r25, 0x00	; 0
main():
/Users/nebel/Library/Arduino15/packages/MightyCore/hardware/avr/3.0.3/cores/MCUdude_corefiles/wiring_digital.c:220
{
  uint8_t timer = digitalPinToTimer(pin);
  uint8_t bit = digitalPinToBitMask(pin);
  uint8_t port = digitalPinToPort(pin);

  if (port == NOT_A_PIN) return LOW;
 4ac:	a9 2e       	mov	r10, r25
 4ae:	b8 2e       	mov	r11, r24
loop():
/Users/nebel/Documents/Arduino/PLAYGROUND/varblink0/varblink0.ino:11
  pinMode(LED, OUTPUT);
}

void loop() {
  int i=digitalRead(1)+20;
  digitalWrite(LED, HIGH);  
 4b0:	81 e0       	ldi	r24, 0x01	; 1
 4b2:	0e 94 0d 01 	call	0x21a	; 0x21a <digitalWrite.constprop.1>
/Users/nebel/Documents/Arduino/PLAYGROUND/varblink0/varblink0.ino:12
  delay(1000); 
 4b6:	68 ee       	ldi	r22, 0xE8	; 232
 4b8:	73 e0       	ldi	r23, 0x03	; 3
 4ba:	80 e0       	ldi	r24, 0x00	; 0
 4bc:	90 e0       	ldi	r25, 0x00	; 0
 4be:	0e 94 5d 01 	call	0x2ba	; 0x2ba <delay>
/Users/nebel/Documents/Arduino/PLAYGROUND/varblink0/varblink0.ino:13
  thisByte = thisByte + i;
 4c2:	90 90 00 01 	lds	r9, 0x0100	; 0x800100 <__DATA_REGION_ORIGIN__>
/Users/nebel/Documents/Arduino/PLAYGROUND/varblink0/varblink0.ino:14
  digitalWrite(LED, LOW);      
 4c6:	80 e0       	ldi	r24, 0x00	; 0
 4c8:	0e 94 0d 01 	call	0x21a	; 0x21a <digitalWrite.constprop.1>
/Users/nebel/Documents/Arduino/PLAYGROUND/varblink0/varblink0.ino:10
void setup() {
  pinMode(LED, OUTPUT);
}

void loop() {
  int i=digitalRead(1)+20;
 4cc:	f4 e1       	ldi	r31, 0x14	; 20
 4ce:	af 0e       	add	r10, r31
 4d0:	b1 1c       	adc	r11, r1
/Users/nebel/Documents/Arduino/PLAYGROUND/varblink0/varblink0.ino:15
  digitalWrite(LED, HIGH);  
  delay(1000); 
  thisByte = thisByte + i;
  digitalWrite(LED, LOW);      
  thisByte = thisByte + i + 1;
 4d2:	aa 0c       	add	r10, r10
 4d4:	61 e0       	ldi	r22, 0x01	; 1
 4d6:	69 0d       	add	r22, r9
 4d8:	a6 0e       	add	r10, r22
 4da:	a0 92 00 01 	sts	0x0100, r10	; 0x800100 <__DATA_REGION_ORIGIN__>
/Users/nebel/Documents/Arduino/PLAYGROUND/varblink0/varblink0.ino:16
  delay(100+thisByte);
 4de:	6a 2d       	mov	r22, r10
 4e0:	70 e0       	ldi	r23, 0x00	; 0
 4e2:	6c 59       	subi	r22, 0x9C	; 156
 4e4:	7f 4f       	sbci	r23, 0xFF	; 255
 4e6:	07 2e       	mov	r0, r23
 4e8:	00 0c       	add	r0, r0
 4ea:	88 0b       	sbc	r24, r24
 4ec:	99 0b       	sbc	r25, r25
 4ee:	0e 94 5d 01 	call	0x2ba	; 0x2ba <delay>
main():
/Users/nebel/Library/Arduino15/packages/MightyCore/hardware/avr/3.0.3/cores/MCUdude_corefiles/main.cpp:47
 4f2:	c1 14       	cp	r12, r1
 4f4:	d1 04       	cpc	r13, r1
 4f6:	09 f4       	brne	.+2      	; 0x4fa <__EEPROM_REGION_LENGTH__+0xfa>
 4f8:	bf cf       	rjmp	.-130    	; 0x478 <__EEPROM_REGION_LENGTH__+0x78>
 4fa:	0e 94 00 00 	call	0	; 0x0 <__vectors>
 4fe:	bc cf       	rjmp	.-136    	; 0x478 <__EEPROM_REGION_LENGTH__+0x78>
/Users/nebel/Library/Arduino15/packages/MightyCore/hardware/avr/3.0.3/cores/MCUdude_corefiles/wiring_digital.c:220
 500:	b1 2c       	mov	r11, r1
 502:	a1 2c       	mov	r10, r1
 504:	d5 cf       	rjmp	.-86     	; 0x4b0 <__EEPROM_REGION_LENGTH__+0xb0>

00000506 <__tablejump2__>:
__tablejump2__():
/Users/jenkins/jenkins/workspace/avr-gcc-staging/label/mac-mini/gcc-build/avr/avr5/libgcc/../../../../gcc/libgcc/config/avr/lib1funcs.S:2296
 506:	ee 0f       	add	r30, r30
/Users/jenkins/jenkins/workspace/avr-gcc-staging/label/mac-mini/gcc-build/avr/avr5/libgcc/../../../../gcc/libgcc/config/avr/lib1funcs.S:2297
 508:	ff 1f       	adc	r31, r31
/Users/jenkins/jenkins/workspace/avr-gcc-staging/label/mac-mini/gcc-build/avr/avr5/libgcc/../../../../gcc/libgcc/config/avr/lib1funcs.S:2328
 50a:	05 90       	lpm	r0, Z+
/Users/jenkins/jenkins/workspace/avr-gcc-staging/label/mac-mini/gcc-build/avr/avr5/libgcc/../../../../gcc/libgcc/config/avr/lib1funcs.S:2329
 50c:	f4 91       	lpm	r31, Z
/Users/jenkins/jenkins/workspace/avr-gcc-staging/label/mac-mini/gcc-build/avr/avr5/libgcc/../../../../gcc/libgcc/config/avr/lib1funcs.S:2330
 50e:	e0 2d       	mov	r30, r0
/Users/jenkins/jenkins/workspace/avr-gcc-staging/label/mac-mini/gcc-build/avr/avr5/libgcc/../../../../gcc/libgcc/config/avr/lib1funcs.S:2331
 510:	09 94       	ijmp

00000512 <_exit>:
exit():
/Users/jenkins/jenkins/workspace/avr-gcc-staging/label/mac-mini/gcc-build/avr/avr5/libgcc/../../../../gcc/libgcc/config/avr/lib1funcs.S:2278
 512:	f8 94       	cli

00000514 <__stop_program>:
__stop_program():
/Users/jenkins/jenkins/workspace/avr-gcc-staging/label/mac-mini/gcc-build/avr/avr5/libgcc/../../../../gcc/libgcc/config/avr/lib1funcs.S:2280
 514:	ff cf       	rjmp	.-2      	; 0x514 <__stop_program>
