
/Users/nebel/Library/Caches/arduino/sketches/3F136242FDA95643768F625D60038FD5/varblink0.ino.elf:     file format elf32-avr


Disassembly of section .text:

00000000 <__vectors>:
__vectors():
   0:	0c 94 66 00 	jmp	0xcc	; 0xcc <__ctors_end>
   4:	0c 94 83 00 	jmp	0x106	; 0x106 <__bad_interrupt>
   8:	0c 94 83 00 	jmp	0x106	; 0x106 <__bad_interrupt>
   c:	0c 94 83 00 	jmp	0x106	; 0x106 <__bad_interrupt>
  10:	0c 94 83 00 	jmp	0x106	; 0x106 <__bad_interrupt>
  14:	0c 94 83 00 	jmp	0x106	; 0x106 <__bad_interrupt>
  18:	0c 94 83 00 	jmp	0x106	; 0x106 <__bad_interrupt>
  1c:	0c 94 83 00 	jmp	0x106	; 0x106 <__bad_interrupt>
  20:	0c 94 83 00 	jmp	0x106	; 0x106 <__bad_interrupt>
  24:	0c 94 83 00 	jmp	0x106	; 0x106 <__bad_interrupt>
  28:	0c 94 83 00 	jmp	0x106	; 0x106 <__bad_interrupt>
  2c:	0c 94 83 00 	jmp	0x106	; 0x106 <__bad_interrupt>
  30:	0c 94 83 00 	jmp	0x106	; 0x106 <__bad_interrupt>
  34:	0c 94 83 00 	jmp	0x106	; 0x106 <__bad_interrupt>
  38:	0c 94 83 00 	jmp	0x106	; 0x106 <__bad_interrupt>
  3c:	0c 94 83 00 	jmp	0x106	; 0x106 <__bad_interrupt>
  40:	0c 94 53 02 	jmp	0x4a6	; 0x4a6 <__vector_16>
  44:	0c 94 83 00 	jmp	0x106	; 0x106 <__bad_interrupt>
  48:	0c 94 83 00 	jmp	0x106	; 0x106 <__bad_interrupt>
  4c:	0c 94 83 00 	jmp	0x106	; 0x106 <__bad_interrupt>
  50:	0c 94 83 00 	jmp	0x106	; 0x106 <__bad_interrupt>
  54:	0c 94 83 00 	jmp	0x106	; 0x106 <__bad_interrupt>
  58:	0c 94 83 00 	jmp	0x106	; 0x106 <__bad_interrupt>
  5c:	0c 94 83 00 	jmp	0x106	; 0x106 <__bad_interrupt>
  60:	0c 94 83 00 	jmp	0x106	; 0x106 <__bad_interrupt>
  64:	0c 94 83 00 	jmp	0x106	; 0x106 <__bad_interrupt>

00000068 <__trampolines_end>:
__trampolines_start():
  68:	00 00       	nop
  6a:	00 00       	nop
  6c:	24 00       	.word	0x0024	; ????
  6e:	27 00       	.word	0x0027	; ????
  70:	2a 00       	.word	0x002a	; ????

00000072 <port_to_output_PGM>:
  72:	00 00 00 00 25 00 28 00 2b 00                       ....%.(.+.

0000007c <port_to_input_PGM>:
  7c:	00 00 00 00 23 00 26 00 29 00                       ....#.&.).

00000086 <digital_pin_to_port_PGM>:
  86:	04 04 04 04 04 04 04 04 02 02 02 02 02 02 03 03     ................
  96:	03 03 03 03 02 02 03                                .......

0000009d <digital_pin_to_bit_mask_PGM>:
  9d:	01 02 04 08 10 20 40 80 01 02 04 08 10 20 01 02     ..... @...... ..
  ad:	04 08 10 20 40 80 40                                ... @.@

000000b4 <digital_pin_to_timer_PGM>:
  b4:	00 00 00 09 00 03 02 00 00 04 05 08 00 00 00 00     ................
	...

000000cc <__ctors_end>:
__dtors_end():
  cc:	11 24       	eor	r1, r1
  ce:	1f be       	out	0x3f, r1	; 63
  d0:	cf ef       	ldi	r28, 0xFF	; 255
  d2:	d8 e0       	ldi	r29, 0x08	; 8
  d4:	de bf       	out	0x3e, r29	; 62
  d6:	cd bf       	out	0x3d, r28	; 61

000000d8 <__do_copy_data>:
__do_copy_data():
/Users/jenkins/jenkins/workspace/avr-gcc-staging/label/mac-mini/gcc-build/avr/avr5/libgcc/../../../../gcc/libgcc/config/avr/lib1funcs.S:2409
  d8:	11 e0       	ldi	r17, 0x01	; 1
/Users/jenkins/jenkins/workspace/avr-gcc-staging/label/mac-mini/gcc-build/avr/avr5/libgcc/../../../../gcc/libgcc/config/avr/lib1funcs.S:2410
  da:	a0 e0       	ldi	r26, 0x00	; 0
/Users/jenkins/jenkins/workspace/avr-gcc-staging/label/mac-mini/gcc-build/avr/avr5/libgcc/../../../../gcc/libgcc/config/avr/lib1funcs.S:2411
  dc:	b1 e0       	ldi	r27, 0x01	; 1
/Users/jenkins/jenkins/workspace/avr-gcc-staging/label/mac-mini/gcc-build/avr/avr5/libgcc/../../../../gcc/libgcc/config/avr/lib1funcs.S:2412
  de:	e6 ea       	ldi	r30, 0xA6	; 166
/Users/jenkins/jenkins/workspace/avr-gcc-staging/label/mac-mini/gcc-build/avr/avr5/libgcc/../../../../gcc/libgcc/config/avr/lib1funcs.S:2413
  e0:	f5 e0       	ldi	r31, 0x05	; 5
/Users/jenkins/jenkins/workspace/avr-gcc-staging/label/mac-mini/gcc-build/avr/avr5/libgcc/../../../../gcc/libgcc/config/avr/lib1funcs.S:2414
  e2:	02 c0       	rjmp	.+4      	; 0xe8 <__do_copy_data+0x10>
/Users/jenkins/jenkins/workspace/avr-gcc-staging/label/mac-mini/gcc-build/avr/avr5/libgcc/../../../../gcc/libgcc/config/avr/lib1funcs.S:2417
  e4:	05 90       	lpm	r0, Z+
/Users/jenkins/jenkins/workspace/avr-gcc-staging/label/mac-mini/gcc-build/avr/avr5/libgcc/../../../../gcc/libgcc/config/avr/lib1funcs.S:2422
  e6:	0d 92       	st	X+, r0
/Users/jenkins/jenkins/workspace/avr-gcc-staging/label/mac-mini/gcc-build/avr/avr5/libgcc/../../../../gcc/libgcc/config/avr/lib1funcs.S:2424
  e8:	a0 30       	cpi	r26, 0x00	; 0
/Users/jenkins/jenkins/workspace/avr-gcc-staging/label/mac-mini/gcc-build/avr/avr5/libgcc/../../../../gcc/libgcc/config/avr/lib1funcs.S:2425
  ea:	b1 07       	cpc	r27, r17
/Users/jenkins/jenkins/workspace/avr-gcc-staging/label/mac-mini/gcc-build/avr/avr5/libgcc/../../../../gcc/libgcc/config/avr/lib1funcs.S:2426
  ec:	d9 f7       	brne	.-10     	; 0xe4 <__do_copy_data+0xc>

000000ee <__do_clear_bss>:
__do_clear_bss():
/Users/jenkins/jenkins/workspace/avr-gcc-staging/label/mac-mini/gcc-build/avr/avr5/libgcc/../../../../gcc/libgcc/config/avr/lib1funcs.S:2441
  ee:	21 e0       	ldi	r18, 0x01	; 1
/Users/jenkins/jenkins/workspace/avr-gcc-staging/label/mac-mini/gcc-build/avr/avr5/libgcc/../../../../gcc/libgcc/config/avr/lib1funcs.S:2442
  f0:	a0 e0       	ldi	r26, 0x00	; 0
/Users/jenkins/jenkins/workspace/avr-gcc-staging/label/mac-mini/gcc-build/avr/avr5/libgcc/../../../../gcc/libgcc/config/avr/lib1funcs.S:2443
  f2:	b1 e0       	ldi	r27, 0x01	; 1
/Users/jenkins/jenkins/workspace/avr-gcc-staging/label/mac-mini/gcc-build/avr/avr5/libgcc/../../../../gcc/libgcc/config/avr/lib1funcs.S:2444
  f4:	01 c0       	rjmp	.+2      	; 0xf8 <.do_clear_bss_start>

000000f6 <.do_clear_bss_loop>:
/Users/jenkins/jenkins/workspace/avr-gcc-staging/label/mac-mini/gcc-build/avr/avr5/libgcc/../../../../gcc/libgcc/config/avr/lib1funcs.S:2446
  f6:	1d 92       	st	X+, r1

000000f8 <.do_clear_bss_start>:
/Users/jenkins/jenkins/workspace/avr-gcc-staging/label/mac-mini/gcc-build/avr/avr5/libgcc/../../../../gcc/libgcc/config/avr/lib1funcs.S:2448
  f8:	aa 30       	cpi	r26, 0x0A	; 10
/Users/jenkins/jenkins/workspace/avr-gcc-staging/label/mac-mini/gcc-build/avr/avr5/libgcc/../../../../gcc/libgcc/config/avr/lib1funcs.S:2449
  fa:	b2 07       	cpc	r27, r18
/Users/jenkins/jenkins/workspace/avr-gcc-staging/label/mac-mini/gcc-build/avr/avr5/libgcc/../../../../gcc/libgcc/config/avr/lib1funcs.S:2450
  fc:	e1 f7       	brne	.-8      	; 0xf6 <.do_clear_bss_loop>
.do_clear_bss_start():
  fe:	0e 94 c4 02 	call	0x588	; 0x588 <main>
 102:	0c 94 d1 02 	jmp	0x5a2	; 0x5a2 <_exit>

00000106 <__bad_interrupt>:
__vector_22():
 106:	0c 94 00 00 	jmp	0	; 0x0 <__vectors>

0000010a <__empty>:
__empty():
/Users/nebel/Library/Arduino15/packages/MiniCore/hardware/avr/3.1.1/cores/MCUdude_corefiles/hooks.c:30
 * Its defined as a weak symbol and it can be redefined to implement a
 * real cooperative scheduler.
 */
static void __empty() {
  // Empty
}
 10a:	08 95       	ret

0000010c <turnOffPWM>:
turnOffPWM():
/Users/nebel/Library/Arduino15/packages/MiniCore/hardware/avr/3.1.1/cores/MCUdude_corefiles/wiring_digital.c:77
//
//static inline void turnOffPWM(uint8_t timer) __attribute__ ((always_inline));
//static inline void turnOffPWM(uint8_t timer)
static void turnOffPWM(uint8_t timer)
{
  switch (timer)
 10c:	84 30       	cpi	r24, 0x04	; 4
 10e:	b1 f0       	breq	.+44     	; 0x13c <turnOffPWM+0x30>
 110:	60 f0       	brcs	.+24     	; 0x12a <turnOffPWM+0x1e>
 112:	88 30       	cpi	r24, 0x08	; 8
 114:	c9 f0       	breq	.+50     	; 0x148 <turnOffPWM+0x3c>
 116:	89 30       	cpi	r24, 0x09	; 9
 118:	e9 f0       	breq	.+58     	; 0x154 <turnOffPWM+0x48>
 11a:	85 30       	cpi	r24, 0x05	; 5
 11c:	69 f4       	brne	.+26     	; 0x138 <turnOffPWM+0x2c>
/Users/nebel/Library/Arduino15/packages/MiniCore/hardware/avr/3.1.1/cores/MCUdude_corefiles/wiring_digital.c:87
        TCCR1A &= ~_BV(COM1A1);
        break;
    #endif
    #if defined(TCCR1A) && defined(COM1B1)
      case TIMER1B:
        TCCR1A &= ~_BV(COM1B1);
 11e:	e0 e8       	ldi	r30, 0x80	; 128
 120:	f0 e0       	ldi	r31, 0x00	; 0
 122:	80 81       	ld	r24, Z
 124:	8f 7d       	andi	r24, 0xDF	; 223
 126:	80 83       	st	Z, r24
 128:	08 95       	ret
/Users/nebel/Library/Arduino15/packages/MiniCore/hardware/avr/3.1.1/cores/MCUdude_corefiles/wiring_digital.c:77
//
//static inline void turnOffPWM(uint8_t timer) __attribute__ ((always_inline));
//static inline void turnOffPWM(uint8_t timer)
static void turnOffPWM(uint8_t timer)
{
  switch (timer)
 12a:	82 30       	cpi	r24, 0x02	; 2
 12c:	c9 f0       	breq	.+50     	; 0x160 <turnOffPWM+0x54>
 12e:	83 30       	cpi	r24, 0x03	; 3
 130:	21 f4       	brne	.+8      	; 0x13a <turnOffPWM+0x2e>
/Users/nebel/Library/Arduino15/packages/MiniCore/hardware/avr/3.1.1/cores/MCUdude_corefiles/wiring_digital.c:181
        TCCR0A &= ~_BV(COM0A1);
        break;
    #endif
    #if defined(TCCR0A) && defined(COM0B1)
      case TIMER0B:
        TCCR0A &= ~_BV(COM0B1);
 132:	84 b5       	in	r24, 0x24	; 36
 134:	8f 7d       	andi	r24, 0xDF	; 223
 136:	84 bd       	out	0x24, r24	; 36
/Users/nebel/Library/Arduino15/packages/MiniCore/hardware/avr/3.1.1/cores/MCUdude_corefiles/wiring_digital.c:185
        break;
    #endif
  }
}
 138:	08 95       	ret
 13a:	08 95       	ret
/Users/nebel/Library/Arduino15/packages/MiniCore/hardware/avr/3.1.1/cores/MCUdude_corefiles/wiring_digital.c:82
  switch (timer)
  {
    // Timer1
    #if defined(TCCR1A) && defined(COM1A1)
      case TIMER1A:
        TCCR1A &= ~_BV(COM1A1);
 13c:	e0 e8       	ldi	r30, 0x80	; 128
 13e:	f0 e0       	ldi	r31, 0x00	; 0
 140:	80 81       	ld	r24, Z
 142:	8f 77       	andi	r24, 0x7F	; 127
 144:	80 83       	st	Z, r24
 146:	08 95       	ret
/Users/nebel/Library/Arduino15/packages/MiniCore/hardware/avr/3.1.1/cores/MCUdude_corefiles/wiring_digital.c:104
        TCCR2 &= ~_BV(COM21);
        break;
    #endif
    #if defined(TCCR2A) && defined(COM2A1)
      case TIMER2A:
        TCCR2A &= ~_BV(COM2A1);
 148:	e0 eb       	ldi	r30, 0xB0	; 176
 14a:	f0 e0       	ldi	r31, 0x00	; 0
 14c:	80 81       	ld	r24, Z
 14e:	8f 77       	andi	r24, 0x7F	; 127
 150:	80 83       	st	Z, r24
 152:	08 95       	ret
/Users/nebel/Library/Arduino15/packages/MiniCore/hardware/avr/3.1.1/cores/MCUdude_corefiles/wiring_digital.c:109
        break;
    #endif
    #if defined(TCCR2A) && defined(COM2B1)
      case TIMER2B:
        TCCR2A &= ~_BV(COM2B1);
 154:	e0 eb       	ldi	r30, 0xB0	; 176
 156:	f0 e0       	ldi	r31, 0x00	; 0
 158:	80 81       	ld	r24, Z
 15a:	8f 7d       	andi	r24, 0xDF	; 223
 15c:	80 83       	st	Z, r24
 15e:	08 95       	ret
/Users/nebel/Library/Arduino15/packages/MiniCore/hardware/avr/3.1.1/cores/MCUdude_corefiles/wiring_digital.c:176
        TCCR0 &= ~_BV(COM01);
        break;
    #endif
    #if defined(TCCR0A) && defined(COM0A1)
      case TIMER0A:
        TCCR0A &= ~_BV(COM0A1);
 160:	84 b5       	in	r24, 0x24	; 36
 162:	8f 77       	andi	r24, 0x7F	; 127
 164:	84 bd       	out	0x24, r24	; 36
 166:	08 95       	ret

00000168 <digitalRead>:
digitalRead():
/Users/nebel/Library/Arduino15/packages/MiniCore/hardware/avr/3.1.1/cores/MCUdude_corefiles/wiring_digital.c:215

  SREG = oldSREG;
}

int digitalRead(uint8_t pin)
{
 168:	cf 93       	push	r28
 16a:	df 93       	push	r29
/Users/nebel/Library/Arduino15/packages/MiniCore/hardware/avr/3.1.1/cores/MCUdude_corefiles/wiring_digital.c:216
  uint8_t timer = digitalPinToTimer(pin);
 16c:	28 2f       	mov	r18, r24
 16e:	30 e0       	ldi	r19, 0x00	; 0
 170:	f9 01       	movw	r30, r18
 172:	ec 54       	subi	r30, 0x4C	; 76
 174:	ff 4f       	sbci	r31, 0xFF	; 255
 176:	84 91       	lpm	r24, Z
/Users/nebel/Library/Arduino15/packages/MiniCore/hardware/avr/3.1.1/cores/MCUdude_corefiles/wiring_digital.c:217
  uint8_t bit = digitalPinToBitMask(pin);
 178:	f9 01       	movw	r30, r18
 17a:	e3 56       	subi	r30, 0x63	; 99
 17c:	ff 4f       	sbci	r31, 0xFF	; 255
 17e:	d4 91       	lpm	r29, Z
/Users/nebel/Library/Arduino15/packages/MiniCore/hardware/avr/3.1.1/cores/MCUdude_corefiles/wiring_digital.c:218
  uint8_t port = digitalPinToPort(pin);
 180:	f9 01       	movw	r30, r18
 182:	ea 57       	subi	r30, 0x7A	; 122
 184:	ff 4f       	sbci	r31, 0xFF	; 255
 186:	c4 91       	lpm	r28, Z
/Users/nebel/Library/Arduino15/packages/MiniCore/hardware/avr/3.1.1/cores/MCUdude_corefiles/wiring_digital.c:220

  if (port == NOT_A_PIN) return LOW;
 188:	cc 23       	and	r28, r28
 18a:	b1 f0       	breq	.+44     	; 0x1b8 <digitalRead+0x50>
/Users/nebel/Library/Arduino15/packages/MiniCore/hardware/avr/3.1.1/cores/MCUdude_corefiles/wiring_digital.c:224

  // If the pin that support PWM output, we need to turn it off
  // before getting a digital reading.
  if (timer != NOT_ON_TIMER) turnOffPWM(timer);
 18c:	81 11       	cpse	r24, r1
 18e:	0e c0       	rjmp	.+28     	; 0x1ac <digitalRead+0x44>
/Users/nebel/Library/Arduino15/packages/MiniCore/hardware/avr/3.1.1/cores/MCUdude_corefiles/wiring_digital.c:226

  if (*portInputRegister(port) & bit) return HIGH;
 190:	ec 2f       	mov	r30, r28
 192:	f0 e0       	ldi	r31, 0x00	; 0
 194:	ee 0f       	add	r30, r30
 196:	ff 1f       	adc	r31, r31
 198:	e4 58       	subi	r30, 0x84	; 132
 19a:	ff 4f       	sbci	r31, 0xFF	; 255
 19c:	a5 91       	lpm	r26, Z+
 19e:	b4 91       	lpm	r27, Z
 1a0:	ec 91       	ld	r30, X
 1a2:	ed 23       	and	r30, r29
 1a4:	31 f4       	brne	.+12     	; 0x1b2 <digitalRead+0x4a>
/Users/nebel/Library/Arduino15/packages/MiniCore/hardware/avr/3.1.1/cores/MCUdude_corefiles/wiring_digital.c:227
  return LOW;
 1a6:	90 e0       	ldi	r25, 0x00	; 0
 1a8:	80 e0       	ldi	r24, 0x00	; 0
 1aa:	08 c0       	rjmp	.+16     	; 0x1bc <digitalRead+0x54>
/Users/nebel/Library/Arduino15/packages/MiniCore/hardware/avr/3.1.1/cores/MCUdude_corefiles/wiring_digital.c:224

  if (port == NOT_A_PIN) return LOW;

  // If the pin that support PWM output, we need to turn it off
  // before getting a digital reading.
  if (timer != NOT_ON_TIMER) turnOffPWM(timer);
 1ac:	0e 94 86 00 	call	0x10c	; 0x10c <turnOffPWM>
 1b0:	ef cf       	rjmp	.-34     	; 0x190 <digitalRead+0x28>
/Users/nebel/Library/Arduino15/packages/MiniCore/hardware/avr/3.1.1/cores/MCUdude_corefiles/wiring_digital.c:226

  if (*portInputRegister(port) & bit) return HIGH;
 1b2:	81 e0       	ldi	r24, 0x01	; 1
 1b4:	90 e0       	ldi	r25, 0x00	; 0
 1b6:	02 c0       	rjmp	.+4      	; 0x1bc <digitalRead+0x54>
/Users/nebel/Library/Arduino15/packages/MiniCore/hardware/avr/3.1.1/cores/MCUdude_corefiles/wiring_digital.c:220
{
  uint8_t timer = digitalPinToTimer(pin);
  uint8_t bit = digitalPinToBitMask(pin);
  uint8_t port = digitalPinToPort(pin);

  if (port == NOT_A_PIN) return LOW;
 1b8:	90 e0       	ldi	r25, 0x00	; 0
 1ba:	80 e0       	ldi	r24, 0x00	; 0
/Users/nebel/Library/Arduino15/packages/MiniCore/hardware/avr/3.1.1/cores/MCUdude_corefiles/wiring_digital.c:228
  // before getting a digital reading.
  if (timer != NOT_ON_TIMER) turnOffPWM(timer);

  if (*portInputRegister(port) & bit) return HIGH;
  return LOW;
}
 1bc:	df 91       	pop	r29
 1be:	cf 91       	pop	r28
 1c0:	08 95       	ret

000001c2 <digitalWrite>:
digitalWrite():
/Users/nebel/Library/Arduino15/packages/MiniCore/hardware/avr/3.1.1/cores/MCUdude_corefiles/wiring_digital.c:188
    #endif
  }
}

void digitalWrite(uint8_t pin, uint8_t val)
{
 1c2:	1f 93       	push	r17
 1c4:	cf 93       	push	r28
 1c6:	df 93       	push	r29
/Users/nebel/Library/Arduino15/packages/MiniCore/hardware/avr/3.1.1/cores/MCUdude_corefiles/wiring_digital.c:189
  uint8_t timer = digitalPinToTimer(pin);
 1c8:	28 2f       	mov	r18, r24
 1ca:	30 e0       	ldi	r19, 0x00	; 0
 1cc:	f9 01       	movw	r30, r18
 1ce:	ec 54       	subi	r30, 0x4C	; 76
 1d0:	ff 4f       	sbci	r31, 0xFF	; 255
 1d2:	84 91       	lpm	r24, Z
/Users/nebel/Library/Arduino15/packages/MiniCore/hardware/avr/3.1.1/cores/MCUdude_corefiles/wiring_digital.c:190
  uint8_t bit = digitalPinToBitMask(pin);
 1d4:	f9 01       	movw	r30, r18
 1d6:	e3 56       	subi	r30, 0x63	; 99
 1d8:	ff 4f       	sbci	r31, 0xFF	; 255
 1da:	14 91       	lpm	r17, Z
/Users/nebel/Library/Arduino15/packages/MiniCore/hardware/avr/3.1.1/cores/MCUdude_corefiles/wiring_digital.c:191
  uint8_t port = digitalPinToPort(pin);
 1dc:	f9 01       	movw	r30, r18
 1de:	ea 57       	subi	r30, 0x7A	; 122
 1e0:	ff 4f       	sbci	r31, 0xFF	; 255
 1e2:	c4 91       	lpm	r28, Z
/Users/nebel/Library/Arduino15/packages/MiniCore/hardware/avr/3.1.1/cores/MCUdude_corefiles/wiring_digital.c:194
  volatile uint8_t *out;

  if (port == NOT_A_PIN) return;
 1e4:	cc 23       	and	r28, r28
 1e6:	a9 f0       	breq	.+42     	; 0x212 <digitalWrite+0x50>
 1e8:	d6 2f       	mov	r29, r22
/Users/nebel/Library/Arduino15/packages/MiniCore/hardware/avr/3.1.1/cores/MCUdude_corefiles/wiring_digital.c:198

  // If the pin that support PWM output, we need to turn it off
  // before doing a digital write.
  if (timer != NOT_ON_TIMER) turnOffPWM(timer);
 1ea:	81 11       	cpse	r24, r1
 1ec:	16 c0       	rjmp	.+44     	; 0x21a <digitalWrite+0x58>
/Users/nebel/Library/Arduino15/packages/MiniCore/hardware/avr/3.1.1/cores/MCUdude_corefiles/wiring_digital.c:200

  out = portOutputRegister(port);
 1ee:	ec 2f       	mov	r30, r28
 1f0:	f0 e0       	ldi	r31, 0x00	; 0
 1f2:	ee 0f       	add	r30, r30
 1f4:	ff 1f       	adc	r31, r31
 1f6:	ee 58       	subi	r30, 0x8E	; 142
 1f8:	ff 4f       	sbci	r31, 0xFF	; 255
 1fa:	a5 91       	lpm	r26, Z+
 1fc:	b4 91       	lpm	r27, Z
/Users/nebel/Library/Arduino15/packages/MiniCore/hardware/avr/3.1.1/cores/MCUdude_corefiles/wiring_digital.c:202

  uint8_t oldSREG = SREG;
 1fe:	8f b7       	in	r24, 0x3f	; 63
/Users/nebel/Library/Arduino15/packages/MiniCore/hardware/avr/3.1.1/cores/MCUdude_corefiles/wiring_digital.c:203
  cli();
 200:	f8 94       	cli
/Users/nebel/Library/Arduino15/packages/MiniCore/hardware/avr/3.1.1/cores/MCUdude_corefiles/wiring_digital.c:205

  if (val == LOW) {
 202:	d1 11       	cpse	r29, r1
 204:	0d c0       	rjmp	.+26     	; 0x220 <digitalWrite+0x5e>
/Users/nebel/Library/Arduino15/packages/MiniCore/hardware/avr/3.1.1/cores/MCUdude_corefiles/wiring_digital.c:206
    *out &= ~bit;
 206:	9c 91       	ld	r25, X
 208:	e1 2f       	mov	r30, r17
 20a:	e0 95       	com	r30
 20c:	e9 23       	and	r30, r25
 20e:	ec 93       	st	X, r30
/Users/nebel/Library/Arduino15/packages/MiniCore/hardware/avr/3.1.1/cores/MCUdude_corefiles/wiring_digital.c:211
  } else {
    *out |= bit;
  }

  SREG = oldSREG;
 210:	8f bf       	out	0x3f, r24	; 63
/Users/nebel/Library/Arduino15/packages/MiniCore/hardware/avr/3.1.1/cores/MCUdude_corefiles/wiring_digital.c:212
}
 212:	df 91       	pop	r29
 214:	cf 91       	pop	r28
 216:	1f 91       	pop	r17
 218:	08 95       	ret
/Users/nebel/Library/Arduino15/packages/MiniCore/hardware/avr/3.1.1/cores/MCUdude_corefiles/wiring_digital.c:198

  if (port == NOT_A_PIN) return;

  // If the pin that support PWM output, we need to turn it off
  // before doing a digital write.
  if (timer != NOT_ON_TIMER) turnOffPWM(timer);
 21a:	0e 94 86 00 	call	0x10c	; 0x10c <turnOffPWM>
 21e:	e7 cf       	rjmp	.-50     	; 0x1ee <digitalWrite+0x2c>
/Users/nebel/Library/Arduino15/packages/MiniCore/hardware/avr/3.1.1/cores/MCUdude_corefiles/wiring_digital.c:208
  cli();

  if (val == LOW) {
    *out &= ~bit;
  } else {
    *out |= bit;
 220:	ec 91       	ld	r30, X
 222:	e1 2b       	or	r30, r17
 224:	ec 93       	st	X, r30
 226:	f4 cf       	rjmp	.-24     	; 0x210 <digitalWrite+0x4e>

00000228 <pinMode>:
pinMode():
/Users/nebel/Library/Arduino15/packages/MiniCore/hardware/avr/3.1.1/cores/MCUdude_corefiles/wiring_digital.c:30
#define ARDUINO_MAIN
#include "wiring_private.h"
#include "pins_arduino.h"

void pinMode(uint8_t pin, uint8_t mode)
{
 228:	cf 93       	push	r28
 22a:	df 93       	push	r29
/Users/nebel/Library/Arduino15/packages/MiniCore/hardware/avr/3.1.1/cores/MCUdude_corefiles/wiring_digital.c:31
  uint8_t bit = digitalPinToBitMask(pin);
 22c:	90 e0       	ldi	r25, 0x00	; 0
 22e:	fc 01       	movw	r30, r24
 230:	e3 56       	subi	r30, 0x63	; 99
 232:	ff 4f       	sbci	r31, 0xFF	; 255
 234:	24 91       	lpm	r18, Z
/Users/nebel/Library/Arduino15/packages/MiniCore/hardware/avr/3.1.1/cores/MCUdude_corefiles/wiring_digital.c:32
  uint8_t port = digitalPinToPort(pin);
 236:	8a 57       	subi	r24, 0x7A	; 122
 238:	9f 4f       	sbci	r25, 0xFF	; 255
 23a:	fc 01       	movw	r30, r24
 23c:	84 91       	lpm	r24, Z
/Users/nebel/Library/Arduino15/packages/MiniCore/hardware/avr/3.1.1/cores/MCUdude_corefiles/wiring_digital.c:35
  volatile uint8_t *reg, *out;

  if (port == NOT_A_PIN) return;
 23e:	88 23       	and	r24, r24
 240:	19 f1       	breq	.+70     	; 0x288 <pinMode+0x60>
/Users/nebel/Library/Arduino15/packages/MiniCore/hardware/avr/3.1.1/cores/MCUdude_corefiles/wiring_digital.c:38

  // JWS: can I let the optimizer do this?
  reg = portModeRegister(port);
 242:	90 e0       	ldi	r25, 0x00	; 0
 244:	88 0f       	add	r24, r24
 246:	99 1f       	adc	r25, r25
 248:	fc 01       	movw	r30, r24
 24a:	e8 59       	subi	r30, 0x98	; 152
 24c:	ff 4f       	sbci	r31, 0xFF	; 255
 24e:	a5 91       	lpm	r26, Z+
 250:	b4 91       	lpm	r27, Z
/Users/nebel/Library/Arduino15/packages/MiniCore/hardware/avr/3.1.1/cores/MCUdude_corefiles/wiring_digital.c:39
  out = portOutputRegister(port);
 252:	fc 01       	movw	r30, r24
 254:	ee 58       	subi	r30, 0x8E	; 142
 256:	ff 4f       	sbci	r31, 0xFF	; 255
 258:	c5 91       	lpm	r28, Z+
 25a:	d4 91       	lpm	r29, Z
/Users/nebel/Library/Arduino15/packages/MiniCore/hardware/avr/3.1.1/cores/MCUdude_corefiles/wiring_digital.c:41

  if (mode == INPUT) { 
 25c:	66 23       	and	r22, r22
 25e:	49 f0       	breq	.+18     	; 0x272 <pinMode+0x4a>
/Users/nebel/Library/Arduino15/packages/MiniCore/hardware/avr/3.1.1/cores/MCUdude_corefiles/wiring_digital.c:47
    uint8_t oldSREG = SREG;
    cli();
    *reg &= ~bit;
    *out &= ~bit;
    SREG = oldSREG;
  } else if (mode == INPUT_PULLUP) {
 260:	62 30       	cpi	r22, 0x02	; 2
 262:	a9 f0       	breq	.+42     	; 0x28e <pinMode+0x66>
/Users/nebel/Library/Arduino15/packages/MiniCore/hardware/avr/3.1.1/cores/MCUdude_corefiles/wiring_digital.c:54
    cli();
    *reg &= ~bit;
    *out |= bit;
    SREG = oldSREG;
  } else {
    uint8_t oldSREG = SREG;
 264:	8f b7       	in	r24, 0x3f	; 63
/Users/nebel/Library/Arduino15/packages/MiniCore/hardware/avr/3.1.1/cores/MCUdude_corefiles/wiring_digital.c:55
    cli();
 266:	f8 94       	cli
/Users/nebel/Library/Arduino15/packages/MiniCore/hardware/avr/3.1.1/cores/MCUdude_corefiles/wiring_digital.c:56
    *reg |= bit;
 268:	ec 91       	ld	r30, X
 26a:	e2 2b       	or	r30, r18
 26c:	ec 93       	st	X, r30
/Users/nebel/Library/Arduino15/packages/MiniCore/hardware/avr/3.1.1/cores/MCUdude_corefiles/wiring_digital.c:57
    SREG = oldSREG;
 26e:	8f bf       	out	0x3f, r24	; 63
 270:	0b c0       	rjmp	.+22     	; 0x288 <pinMode+0x60>
/Users/nebel/Library/Arduino15/packages/MiniCore/hardware/avr/3.1.1/cores/MCUdude_corefiles/wiring_digital.c:42
  // JWS: can I let the optimizer do this?
  reg = portModeRegister(port);
  out = portOutputRegister(port);

  if (mode == INPUT) { 
    uint8_t oldSREG = SREG;
 272:	9f b7       	in	r25, 0x3f	; 63
/Users/nebel/Library/Arduino15/packages/MiniCore/hardware/avr/3.1.1/cores/MCUdude_corefiles/wiring_digital.c:43
    cli();
 274:	f8 94       	cli
/Users/nebel/Library/Arduino15/packages/MiniCore/hardware/avr/3.1.1/cores/MCUdude_corefiles/wiring_digital.c:44
    *reg &= ~bit;
 276:	8c 91       	ld	r24, X
 278:	e2 2f       	mov	r30, r18
 27a:	e0 95       	com	r30
 27c:	8e 23       	and	r24, r30
 27e:	8c 93       	st	X, r24
/Users/nebel/Library/Arduino15/packages/MiniCore/hardware/avr/3.1.1/cores/MCUdude_corefiles/wiring_digital.c:45
    *out &= ~bit;
 280:	88 81       	ld	r24, Y
 282:	e8 23       	and	r30, r24
 284:	e8 83       	st	Y, r30
/Users/nebel/Library/Arduino15/packages/MiniCore/hardware/avr/3.1.1/cores/MCUdude_corefiles/wiring_digital.c:46
    SREG = oldSREG;
 286:	9f bf       	out	0x3f, r25	; 63
/Users/nebel/Library/Arduino15/packages/MiniCore/hardware/avr/3.1.1/cores/MCUdude_corefiles/wiring_digital.c:59
    uint8_t oldSREG = SREG;
    cli();
    *reg |= bit;
    SREG = oldSREG;
  }
}
 288:	df 91       	pop	r29
 28a:	cf 91       	pop	r28
 28c:	08 95       	ret
/Users/nebel/Library/Arduino15/packages/MiniCore/hardware/avr/3.1.1/cores/MCUdude_corefiles/wiring_digital.c:48
    cli();
    *reg &= ~bit;
    *out &= ~bit;
    SREG = oldSREG;
  } else if (mode == INPUT_PULLUP) {
    uint8_t oldSREG = SREG;
 28e:	9f b7       	in	r25, 0x3f	; 63
/Users/nebel/Library/Arduino15/packages/MiniCore/hardware/avr/3.1.1/cores/MCUdude_corefiles/wiring_digital.c:49
    cli();
 290:	f8 94       	cli
/Users/nebel/Library/Arduino15/packages/MiniCore/hardware/avr/3.1.1/cores/MCUdude_corefiles/wiring_digital.c:50
    *reg &= ~bit;
 292:	3c 91       	ld	r19, X
 294:	82 2f       	mov	r24, r18
 296:	80 95       	com	r24
 298:	83 23       	and	r24, r19
 29a:	8c 93       	st	X, r24
/Users/nebel/Library/Arduino15/packages/MiniCore/hardware/avr/3.1.1/cores/MCUdude_corefiles/wiring_digital.c:51
    *out |= bit;
 29c:	e8 81       	ld	r30, Y
 29e:	e2 2b       	or	r30, r18
 2a0:	e8 83       	st	Y, r30
/Users/nebel/Library/Arduino15/packages/MiniCore/hardware/avr/3.1.1/cores/MCUdude_corefiles/wiring_digital.c:52
    SREG = oldSREG;
 2a2:	9f bf       	out	0x3f, r25	; 63
 2a4:	f1 cf       	rjmp	.-30     	; 0x288 <pinMode+0x60>

000002a6 <micros>:
micros():
/Users/nebel/Library/Arduino15/packages/MiniCore/hardware/avr/3.1.1/cores/MCUdude_corefiles/wiring.c:240
  unsigned char f; // temporary storage for millis fraction counter
  unsigned char q = 0; // record whether an overflow is flagged
#endif
  // t will be the number where the timer0 counter stopped
  uint8_t t;
  uint8_t oldSREG = SREG;
 2a6:	3f b7       	in	r19, 0x3f	; 63
/Users/nebel/Library/Arduino15/packages/MiniCore/hardware/avr/3.1.1/cores/MCUdude_corefiles/wiring.c:243

  // Stop all interrupts
  cli();
 2a8:	f8 94       	cli
/Users/nebel/Library/Arduino15/packages/MiniCore/hardware/avr/3.1.1/cores/MCUdude_corefiles/wiring.c:250
#ifdef CORRECT_EXACT_MICROS
  // combine exact millisec and 8usec counters
  m = timer0_millis;
  f = timer0_fract;
#else
  m = timer0_overflow_count;
 2aa:	80 91 06 01 	lds	r24, 0x0106	; 0x800106 <timer0_overflow_count>
 2ae:	90 91 07 01 	lds	r25, 0x0107	; 0x800107 <timer0_overflow_count+0x1>
 2b2:	a0 91 08 01 	lds	r26, 0x0108	; 0x800108 <timer0_overflow_count+0x2>
 2b6:	b0 91 09 01 	lds	r27, 0x0109	; 0x800109 <timer0_overflow_count+0x3>
/Users/nebel/Library/Arduino15/packages/MiniCore/hardware/avr/3.1.1/cores/MCUdude_corefiles/wiring.c:255
#endif

  // TCNT0 : The Timer Counter Register
#if defined(TCNT0)
  t = TCNT0;
 2ba:	26 b5       	in	r18, 0x26	; 38
/Users/nebel/Library/Arduino15/packages/MiniCore/hardware/avr/3.1.1/cores/MCUdude_corefiles/wiring.c:264
  #error TIMER 0 not defined
#endif

  // Timer0 Interrupt Flag Register
#ifdef TIFR0
  if ((TIFR0 & _BV(TOV0)) && (t < 255))
 2bc:	a8 9b       	sbis	0x15, 0	; 21
 2be:	05 c0       	rjmp	.+10     	; 0x2ca <micros+0x24>
 2c0:	2f 3f       	cpi	r18, 0xFF	; 255
 2c2:	19 f0       	breq	.+6      	; 0x2ca <micros+0x24>
/Users/nebel/Library/Arduino15/packages/MiniCore/hardware/avr/3.1.1/cores/MCUdude_corefiles/wiring.c:266
#ifndef CORRECT_EXACT_MICROS
    m++;
 2c4:	01 96       	adiw	r24, 0x01	; 1
 2c6:	a1 1d       	adc	r26, r1
 2c8:	b1 1d       	adc	r27, r1
/Users/nebel/Library/Arduino15/packages/MiniCore/hardware/avr/3.1.1/cores/MCUdude_corefiles/wiring.c:279
#else
    q = 1;
#endif
#endif
  // Restore SREG
  SREG = oldSREG;
 2ca:	3f bf       	out	0x3f, r19	; 63
/Users/nebel/Library/Arduino15/packages/MiniCore/hardware/avr/3.1.1/cores/MCUdude_corefiles/wiring.c:295
      ((t * MICROSECONDS_PER_TIMER0_OVERFLOW) >> 8);
  return q ? m + MICROSECONDS_PER_TIMER0_OVERFLOW : m;
#elif 1
  /* All power-of-two Megahertz frequencies enter here, as well as 12.8 MHz.
     We only end up here if right shift before multiplication is exact. */
  return ((m << 8) + t) * (MICROSECONDS_PER_TIMER0_OVERFLOW >> 8);
 2cc:	ba 2f       	mov	r27, r26
 2ce:	a9 2f       	mov	r26, r25
 2d0:	98 2f       	mov	r25, r24
 2d2:	88 27       	eor	r24, r24
 2d4:	bc 01       	movw	r22, r24
 2d6:	cd 01       	movw	r24, r26
 2d8:	62 0f       	add	r22, r18
 2da:	71 1d       	adc	r23, r1
 2dc:	81 1d       	adc	r24, r1
 2de:	91 1d       	adc	r25, r1
 2e0:	42 e0       	ldi	r20, 0x02	; 2
 2e2:	66 0f       	add	r22, r22
 2e4:	77 1f       	adc	r23, r23
 2e6:	88 1f       	adc	r24, r24
 2e8:	99 1f       	adc	r25, r25
 2ea:	4a 95       	dec	r20
 2ec:	d1 f7       	brne	.-12     	; 0x2e2 <micros+0x3c>
/Users/nebel/Library/Arduino15/packages/MiniCore/hardware/avr/3.1.1/cores/MCUdude_corefiles/wiring.c:396
  // m & t are multiplied by 4 (since it was already multiplied by 256)
  // t is multiplied by 4
  return ((m << 8) + t) * (64 / clockCyclesPerMicrosecond());
#endif
#endif // 0
}
 2ee:	08 95       	ret

000002f0 <delay>:
delay():
/Users/nebel/Library/Arduino15/packages/MiniCore/hardware/avr/3.1.1/cores/MCUdude_corefiles/wiring.c:399

void __attribute__((optimize("Os"))) delay(unsigned long ms)
{
 2f0:	8f 92       	push	r8
 2f2:	9f 92       	push	r9
 2f4:	af 92       	push	r10
 2f6:	bf 92       	push	r11
 2f8:	cf 92       	push	r12
 2fa:	df 92       	push	r13
 2fc:	ef 92       	push	r14
 2fe:	ff 92       	push	r15
 300:	6b 01       	movw	r12, r22
 302:	7c 01       	movw	r14, r24
/Users/nebel/Library/Arduino15/packages/MiniCore/hardware/avr/3.1.1/cores/MCUdude_corefiles/wiring.c:400
  unsigned long start = micros();
 304:	0e 94 53 01 	call	0x2a6	; 0x2a6 <micros>
 308:	4b 01       	movw	r8, r22
 30a:	5c 01       	movw	r10, r24
/Users/nebel/Library/Arduino15/packages/MiniCore/hardware/avr/3.1.1/cores/MCUdude_corefiles/wiring.c:404

  while (ms > 0UL) {
    yield();
    while (ms > 0UL && (micros() - start) >= 1000UL) {
 30c:	c1 14       	cp	r12, r1
 30e:	d1 04       	cpc	r13, r1
 310:	e1 04       	cpc	r14, r1
 312:	f1 04       	cpc	r15, r1
 314:	b9 f0       	breq	.+46     	; 0x344 <delay+0x54>
 316:	0e 94 53 01 	call	0x2a6	; 0x2a6 <micros>
 31a:	68 19       	sub	r22, r8
 31c:	79 09       	sbc	r23, r9
 31e:	8a 09       	sbc	r24, r10
 320:	9b 09       	sbc	r25, r11
 322:	68 3e       	cpi	r22, 0xE8	; 232
 324:	73 40       	sbci	r23, 0x03	; 3
 326:	81 05       	cpc	r24, r1
 328:	91 05       	cpc	r25, r1
 32a:	80 f3       	brcs	.-32     	; 0x30c <delay+0x1c>
/Users/nebel/Library/Arduino15/packages/MiniCore/hardware/avr/3.1.1/cores/MCUdude_corefiles/wiring.c:405
      ms--;
 32c:	21 e0       	ldi	r18, 0x01	; 1
 32e:	c2 1a       	sub	r12, r18
 330:	d1 08       	sbc	r13, r1
 332:	e1 08       	sbc	r14, r1
 334:	f1 08       	sbc	r15, r1
/Users/nebel/Library/Arduino15/packages/MiniCore/hardware/avr/3.1.1/cores/MCUdude_corefiles/wiring.c:406
      start += 1000UL;
 336:	88 ee       	ldi	r24, 0xE8	; 232
 338:	88 0e       	add	r8, r24
 33a:	83 e0       	ldi	r24, 0x03	; 3
 33c:	98 1e       	adc	r9, r24
 33e:	a1 1c       	adc	r10, r1
 340:	b1 1c       	adc	r11, r1
 342:	e4 cf       	rjmp	.-56     	; 0x30c <delay+0x1c>
/Users/nebel/Library/Arduino15/packages/MiniCore/hardware/avr/3.1.1/cores/MCUdude_corefiles/wiring.c:409
    }
  }
}
 344:	ff 90       	pop	r15
 346:	ef 90       	pop	r14
 348:	df 90       	pop	r13
 34a:	cf 90       	pop	r12
 34c:	bf 90       	pop	r11
 34e:	af 90       	pop	r10
 350:	9f 90       	pop	r9
 352:	8f 90       	pop	r8
 354:	08 95       	ret

00000356 <initVariant>:
initVariant():
/Users/nebel/Library/Arduino15/packages/MiniCore/hardware/avr/3.1.1/cores/MCUdude_corefiles/main.cpp:28
int atexit(void (* /*func*/ )()) { return 0; }

// Weak empty variant initialization function.
// May be redefined by variant files.
void initVariant() __attribute__((weak));
void initVariant() { }
 356:	08 95       	ret

00000358 <loop>:
loop():
/Users/nebel/Documents/Arduino/PLAYGROUND/varblink0/varblink0.ino:10
byte thisByte = 0;
void setup() {
  pinMode(LED, OUTPUT);
}

void loop() {
 358:	cf 93       	push	r28
 35a:	df 93       	push	r29
/Users/nebel/Documents/Arduino/PLAYGROUND/varblink0/varblink0.ino:11
  int i=digitalRead(1)+20;
 35c:	81 e0       	ldi	r24, 0x01	; 1
 35e:	0e 94 b4 00 	call	0x168	; 0x168 <digitalRead>
 362:	ec 01       	movw	r28, r24
 364:	64 96       	adiw	r28, 0x14	; 20
/Users/nebel/Documents/Arduino/PLAYGROUND/varblink0/varblink0.ino:12
  digitalWrite(LED, HIGH);  
 366:	61 e0       	ldi	r22, 0x01	; 1
 368:	8d e0       	ldi	r24, 0x0D	; 13
 36a:	0e 94 e1 00 	call	0x1c2	; 0x1c2 <digitalWrite>
/Users/nebel/Documents/Arduino/PLAYGROUND/varblink0/varblink0.ino:13
  delay(1000); 
 36e:	68 ee       	ldi	r22, 0xE8	; 232
 370:	73 e0       	ldi	r23, 0x03	; 3
 372:	80 e0       	ldi	r24, 0x00	; 0
 374:	90 e0       	ldi	r25, 0x00	; 0
 376:	0e 94 78 01 	call	0x2f0	; 0x2f0 <delay>
/Users/nebel/Documents/Arduino/PLAYGROUND/varblink0/varblink0.ino:14
  thisByte = thisByte + i;
 37a:	80 91 00 01 	lds	r24, 0x0100	; 0x800100 <__data_end>
 37e:	8c 0f       	add	r24, r28
 380:	80 93 00 01 	sts	0x0100, r24	; 0x800100 <__data_end>
/Users/nebel/Documents/Arduino/PLAYGROUND/varblink0/varblink0.ino:15
  digitalWrite(LED, LOW);      
 384:	60 e0       	ldi	r22, 0x00	; 0
 386:	8d e0       	ldi	r24, 0x0D	; 13
 388:	0e 94 e1 00 	call	0x1c2	; 0x1c2 <digitalWrite>
/Users/nebel/Documents/Arduino/PLAYGROUND/varblink0/varblink0.ino:16
  thisByte = thisByte + i + 1;
 38c:	60 91 00 01 	lds	r22, 0x0100	; 0x800100 <__data_end>
 390:	6c 0f       	add	r22, r28
/Users/nebel/Documents/Arduino/PLAYGROUND/varblink0/varblink0.ino:18
  i = i*5;
  thisByte = thisByte - 3;
 392:	62 50       	subi	r22, 0x02	; 2
 394:	60 93 00 01 	sts	0x0100, r22	; 0x800100 <__data_end>
/Users/nebel/Documents/Arduino/PLAYGROUND/varblink0/varblink0.ino:19
  delay(100+thisByte);
 398:	70 e0       	ldi	r23, 0x00	; 0
 39a:	6c 59       	subi	r22, 0x9C	; 156
 39c:	7f 4f       	sbci	r23, 0xFF	; 255
 39e:	07 2e       	mov	r0, r23
 3a0:	00 0c       	add	r0, r0
 3a2:	88 0b       	sbc	r24, r24
 3a4:	99 0b       	sbc	r25, r25
 3a6:	0e 94 78 01 	call	0x2f0	; 0x2f0 <delay>
/Users/nebel/Documents/Arduino/PLAYGROUND/varblink0/varblink0.ino:20
}
 3aa:	df 91       	pop	r29
 3ac:	cf 91       	pop	r28
 3ae:	08 95       	ret

000003b0 <setup>:
setup():
/Users/nebel/Documents/Arduino/PLAYGROUND/varblink0/varblink0.ino:7
//#define LED SCK
//#define LED 4
#define LED LED_BUILTIN
byte thisByte = 0;
void setup() {
  pinMode(LED, OUTPUT);
 3b0:	61 e0       	ldi	r22, 0x01	; 1
 3b2:	8d e0       	ldi	r24, 0x0D	; 13
 3b4:	0e 94 14 01 	call	0x228	; 0x228 <pinMode>
/Users/nebel/Documents/Arduino/PLAYGROUND/varblink0/varblink0.ino:8
}
 3b8:	08 95       	ret

000003ba <init>:
init():
/Users/nebel/Library/Arduino15/packages/MiniCore/hardware/avr/3.1.1/cores/MCUdude_corefiles/wiring.c:945
  );
  // return = 4 cycles
}

void init()
{
 3ba:	cf 93       	push	r28
 3bc:	df 93       	push	r29
 3be:	cd b7       	in	r28, 0x3d	; 61
 3c0:	de b7       	in	r29, 0x3e	; 62
/Users/nebel/Library/Arduino15/packages/MiniCore/hardware/avr/3.1.1/cores/MCUdude_corefiles/wiring.c:948
  // this needs to be called before setup() or some functions won't
  // work there
  sei();
 3c2:	78 94       	sei
/Users/nebel/Library/Arduino15/packages/MiniCore/hardware/avr/3.1.1/cores/MCUdude_corefiles/wiring.c:960

  // On the ATmega168, timer 0 is also used for fast hardware pwm
  // (using phase-correct PWM would mean that timer 0 overflowed half as often
  // resulting in different millis() behavior on the ATmega8 and ATmega168)
#if defined(TCCR0A) && defined(WGM01)
  TCCR0A |= _BV(WGM01) | _BV(WGM00);
 3c4:	84 e4       	ldi	r24, 0x44	; 68
 3c6:	90 e0       	ldi	r25, 0x00	; 0
 3c8:	fc 01       	movw	r30, r24
 3ca:	20 81       	ld	r18, Z
 3cc:	84 e4       	ldi	r24, 0x44	; 68
 3ce:	90 e0       	ldi	r25, 0x00	; 0
 3d0:	23 60       	ori	r18, 0x03	; 3
 3d2:	fc 01       	movw	r30, r24
 3d4:	20 83       	st	Z, r18
/Users/nebel/Library/Arduino15/packages/MiniCore/hardware/avr/3.1.1/cores/MCUdude_corefiles/wiring.c:975
  #if defined(WGM00) && defined(WGM01) // The ATmega8 doesn't have WGM00 and WGM01
    TCCR0 |= _BV(WGM01) | _BV(WGM00);
  #endif
#elif defined(TCCR0B) && defined(CS01) && defined(CS00)
  // This combination is for the standard 168/328/640/1280/1281/2560/2561
  TCCR0B |= _BV(CS01) | _BV(CS00);
 3d6:	85 e4       	ldi	r24, 0x45	; 69
 3d8:	90 e0       	ldi	r25, 0x00	; 0
 3da:	fc 01       	movw	r30, r24
 3dc:	20 81       	ld	r18, Z
 3de:	85 e4       	ldi	r24, 0x45	; 69
 3e0:	90 e0       	ldi	r25, 0x00	; 0
 3e2:	23 60       	ori	r18, 0x03	; 3
 3e4:	fc 01       	movw	r30, r24
 3e6:	20 83       	st	Z, r18
/Users/nebel/Library/Arduino15/packages/MiniCore/hardware/avr/3.1.1/cores/MCUdude_corefiles/wiring.c:987

// Enable timer 0 overflow interrupt
#if defined(TIMSK) && defined(TOIE0)
  TIMSK |= _BV(TOIE0);
#elif defined(TIMSK0) && defined(TOIE0)
  TIMSK0 |= _BV(TOIE0);
 3e8:	8e e6       	ldi	r24, 0x6E	; 110
 3ea:	90 e0       	ldi	r25, 0x00	; 0
 3ec:	fc 01       	movw	r30, r24
 3ee:	20 81       	ld	r18, Z
 3f0:	8e e6       	ldi	r24, 0x6E	; 110
 3f2:	90 e0       	ldi	r25, 0x00	; 0
 3f4:	21 60       	ori	r18, 0x01	; 1
 3f6:	fc 01       	movw	r30, r24
 3f8:	20 83       	st	Z, r18
/Users/nebel/Library/Arduino15/packages/MiniCore/hardware/avr/3.1.1/cores/MCUdude_corefiles/wiring.c:998
// this is better for motors as it ensures an even waveform
// note, however, that fast pwm mode can achieve a frequency of up
// 8 MHz (with a 16 MHz clock) at 50% duty cycle

#if defined(TCCR1B) && defined(CS11) && defined(CS10)
  TCCR1B = _BV(CS11); // Set timer 1 prescale factor to 64
 3fa:	81 e8       	ldi	r24, 0x81	; 129
 3fc:	90 e0       	ldi	r25, 0x00	; 0
 3fe:	22 e0       	ldi	r18, 0x02	; 2
 400:	fc 01       	movw	r30, r24
 402:	20 83       	st	Z, r18
/Users/nebel/Library/Arduino15/packages/MiniCore/hardware/avr/3.1.1/cores/MCUdude_corefiles/wiring.c:1000
#if F_CPU >= 8000000L
  TCCR1B |= _BV(CS10);
 404:	81 e8       	ldi	r24, 0x81	; 129
 406:	90 e0       	ldi	r25, 0x00	; 0
 408:	fc 01       	movw	r30, r24
 40a:	20 81       	ld	r18, Z
 40c:	81 e8       	ldi	r24, 0x81	; 129
 40e:	90 e0       	ldi	r25, 0x00	; 0
 410:	21 60       	ori	r18, 0x01	; 1
 412:	fc 01       	movw	r30, r24
 414:	20 83       	st	Z, r18
/Users/nebel/Library/Arduino15/packages/MiniCore/hardware/avr/3.1.1/cores/MCUdude_corefiles/wiring.c:1009
#if F_CPU >= 8000000L
  TCCR1 |= _BV(CS10);
#endif
#endif
#if defined(TCCR1A) && defined(WGM10)
  TCCR1A |= _BV(WGM10); // Put timer 1 in 8-bit phase correct pwm mode
 416:	80 e8       	ldi	r24, 0x80	; 128
 418:	90 e0       	ldi	r25, 0x00	; 0
 41a:	fc 01       	movw	r30, r24
 41c:	20 81       	ld	r18, Z
 41e:	80 e8       	ldi	r24, 0x80	; 128
 420:	90 e0       	ldi	r25, 0x00	; 0
 422:	21 60       	ori	r18, 0x01	; 1
 424:	fc 01       	movw	r30, r24
 426:	20 83       	st	Z, r18
/Users/nebel/Library/Arduino15/packages/MiniCore/hardware/avr/3.1.1/cores/MCUdude_corefiles/wiring.c:1016

// Set timer 2 prescale factor to 64
#if defined(TCCR2) && defined(CS22)
  TCCR2 |= _BV(CS22);
#elif defined(TCCR2B) && defined(CS22)
  TCCR2B |= _BV(CS22);
 428:	81 eb       	ldi	r24, 0xB1	; 177
 42a:	90 e0       	ldi	r25, 0x00	; 0
 42c:	fc 01       	movw	r30, r24
 42e:	20 81       	ld	r18, Z
 430:	81 eb       	ldi	r24, 0xB1	; 177
 432:	90 e0       	ldi	r25, 0x00	; 0
 434:	24 60       	ori	r18, 0x04	; 4
 436:	fc 01       	movw	r30, r24
 438:	20 83       	st	Z, r18
/Users/nebel/Library/Arduino15/packages/MiniCore/hardware/avr/3.1.1/cores/MCUdude_corefiles/wiring.c:1025

// Configure timer 2 for phase correct pwm (8-bit)
#if defined(TCCR2) && defined(WGM20)
  TCCR2 |= _BV(WGM20);
#elif defined(TCCR2A) && defined(WGM20)
  TCCR2A |= _BV(WGM20);
 43a:	80 eb       	ldi	r24, 0xB0	; 176
 43c:	90 e0       	ldi	r25, 0x00	; 0
 43e:	fc 01       	movw	r30, r24
 440:	20 81       	ld	r18, Z
 442:	80 eb       	ldi	r24, 0xB0	; 176
 444:	90 e0       	ldi	r25, 0x00	; 0
 446:	21 60       	ori	r18, 0x01	; 1
 448:	fc 01       	movw	r30, r24
 44a:	20 83       	st	Z, r18
/Users/nebel/Library/Arduino15/packages/MiniCore/hardware/avr/3.1.1/cores/MCUdude_corefiles/wiring.c:1053
#endif

#if defined(ADCSRA)
  // set a2d prescaler so we are inside the desired 50-200 KHz range.
  #if F_CPU >= 16000000 // 16 MHz / 128 = 125 KHz
    ADCSRA = _BV(ADPS2) | _BV(ADPS1) | _BV(ADPS0) | _BV(ADEN);
 44c:	8a e7       	ldi	r24, 0x7A	; 122
 44e:	90 e0       	ldi	r25, 0x00	; 0
 450:	27 e8       	ldi	r18, 0x87	; 135
 452:	fc 01       	movw	r30, r24
 454:	20 83       	st	Z, r18
/Users/nebel/Library/Arduino15/packages/MiniCore/hardware/avr/3.1.1/cores/MCUdude_corefiles/wiring.c:1073
  // here so they can be used as normal digital i/o; they will be
  // reconnected in Serial.begin()
#if defined(UCSRB)
  UCSRB = 0;
#elif defined(UCSR0B)
  UCSR0B = 0;
 456:	81 ec       	ldi	r24, 0xC1	; 193
 458:	90 e0       	ldi	r25, 0x00	; 0
 45a:	fc 01       	movw	r30, r24
 45c:	10 82       	st	Z, r1
/Users/nebel/Library/Arduino15/packages/MiniCore/hardware/avr/3.1.1/cores/MCUdude_corefiles/wiring.c:1075
#endif
}
 45e:	df 91       	pop	r29
 460:	cf 91       	pop	r28
 462:	08 95       	ret

00000464 <delayMicroseconds>:
delayMicroseconds():
/Users/nebel/Library/Arduino15/packages/MiniCore/hardware/avr/3.1.1/cores/MCUdude_corefiles/wiring.c:425
 * and sometimes destroy acccurate software timings like delayMicroseconds() with lower values.
 * To avoid LTO optimization, the line of delayMicroseconds() definition in arduino.h must be replaced by this:
 * void delayMicroseconds(unsigned int) __attribute__ ((noinline)) ;
 */
void delayMicroseconds(unsigned int us)
{
 464:	cf 93       	push	r28
 466:	df 93       	push	r29
 468:	00 d0       	rcall	.+0      	; 0x46a <delayMicroseconds+0x6>
 46a:	cd b7       	in	r28, 0x3d	; 61
 46c:	de b7       	in	r29, 0x3e	; 62
 46e:	9a 83       	std	Y+2, r25	; 0x02
 470:	89 83       	std	Y+1, r24	; 0x01
/Users/nebel/Library/Arduino15/packages/MiniCore/hardware/avr/3.1.1/cores/MCUdude_corefiles/wiring.c:622
  us -= 7; // = 2 cycles

#elif F_CPU >= 16000000L
  // for a one-microsecond delay, simply return.  the overhead
  // of the function call takes 14 (16) cycles, which is 1 us
  if (us <= 1) return; //  = 3 cycles, (4 when true)
 472:	89 81       	ldd	r24, Y+1	; 0x01
 474:	9a 81       	ldd	r25, Y+2	; 0x02
 476:	02 97       	sbiw	r24, 0x02	; 2
 478:	88 f0       	brcs	.+34     	; 0x49c <delayMicroseconds+0x38>
/Users/nebel/Library/Arduino15/packages/MiniCore/hardware/avr/3.1.1/cores/MCUdude_corefiles/wiring.c:627

  // the following loop takes 1/4 of a microsecond (4 cycles)
  // per iteration, so execute it four times for each microsecond of
  // delay requested.
  us <<= 2; // x4 us, = 4 cycles
 47a:	89 81       	ldd	r24, Y+1	; 0x01
 47c:	9a 81       	ldd	r25, Y+2	; 0x02
 47e:	88 0f       	add	r24, r24
 480:	99 1f       	adc	r25, r25
 482:	88 0f       	add	r24, r24
 484:	99 1f       	adc	r25, r25
 486:	9a 83       	std	Y+2, r25	; 0x02
 488:	89 83       	std	Y+1, r24	; 0x01
/Users/nebel/Library/Arduino15/packages/MiniCore/hardware/avr/3.1.1/cores/MCUdude_corefiles/wiring.c:632

  // account for the time taken in the preceeding commands.
  // we just burned 19 (21) cycles above, remove 5, (5*4=20)
  // to 2nd us is at least 8 so we can substract 5
  us -= 5; // = 2 cycles,
 48a:	89 81       	ldd	r24, Y+1	; 0x01
 48c:	9a 81       	ldd	r25, Y+2	; 0x02
 48e:	05 97       	sbiw	r24, 0x05	; 5
 490:	9a 83       	std	Y+2, r25	; 0x02
 492:	89 83       	std	Y+1, r24	; 0x01
/Users/nebel/Library/Arduino15/packages/MiniCore/hardware/avr/3.1.1/cores/MCUdude_corefiles/wiring.c:932
  us >>= 2; // us div 4, = 4 cycles

#endif

  // busy wait
  __asm__ __volatile__ (
 494:	89 81       	ldd	r24, Y+1	; 0x01
 496:	9a 81       	ldd	r25, Y+2	; 0x02
 498:	01 97       	sbiw	r24, 0x01	; 1
 49a:	f1 f7       	brne	.-4      	; 0x498 <delayMicroseconds+0x34>
/Users/nebel/Library/Arduino15/packages/MiniCore/hardware/avr/3.1.1/cores/MCUdude_corefiles/wiring.c:942
    "   brne 1b"                     // 2 cycles
    : /* no outputs */
    : "w" (us)
  );
  // return = 4 cycles
}
 49c:	0f 90       	pop	r0
 49e:	0f 90       	pop	r0
 4a0:	df 91       	pop	r29
 4a2:	cf 91       	pop	r28
 4a4:	08 95       	ret

000004a6 <__vector_16>:
__vector_16():
/Users/nebel/Library/Arduino15/packages/MiniCore/hardware/avr/3.1.1/cores/MCUdude_corefiles/wiring.c:162
#if defined(__AVR_ATtiny24__) || defined(__AVR_ATtiny44__) || defined(__AVR_ATtiny84__)
ISR(TIM0_OVF_vect)
#else
ISR(TIMER0_OVF_vect)
#endif
{
 4a6:	1f 92       	push	r1
 4a8:	0f 92       	push	r0
 4aa:	0f b6       	in	r0, 0x3f	; 63
 4ac:	0f 92       	push	r0
 4ae:	11 24       	eor	r1, r1
 4b0:	8f 93       	push	r24
 4b2:	9f 93       	push	r25
 4b4:	af 93       	push	r26
 4b6:	bf 93       	push	r27
 4b8:	cf 93       	push	r28
 4ba:	df 93       	push	r29
 4bc:	cd b7       	in	r28, 0x3d	; 61
 4be:	de b7       	in	r29, 0x3e	; 62
 4c0:	25 97       	sbiw	r28, 0x05	; 5
 4c2:	de bf       	out	0x3e, r29	; 62
 4c4:	cd bf       	out	0x3d, r28	; 61
/Users/nebel/Library/Arduino15/packages/MiniCore/hardware/avr/3.1.1/cores/MCUdude_corefiles/wiring.c:170
  static unsigned char timer0_exact = 0;
#endif

  // copy these to local variables so they can be stored in registers
  // (volatile variables must be read from memory on every access, so this saves time)
  unsigned long m = timer0_millis;
 4c6:	80 91 02 01 	lds	r24, 0x0102	; 0x800102 <timer0_millis>
 4ca:	90 91 03 01 	lds	r25, 0x0103	; 0x800103 <timer0_millis+0x1>
 4ce:	a0 91 04 01 	lds	r26, 0x0104	; 0x800104 <timer0_millis+0x2>
 4d2:	b0 91 05 01 	lds	r27, 0x0105	; 0x800105 <timer0_millis+0x3>
 4d6:	89 83       	std	Y+1, r24	; 0x01
 4d8:	9a 83       	std	Y+2, r25	; 0x02
 4da:	ab 83       	std	Y+3, r26	; 0x03
 4dc:	bc 83       	std	Y+4, r27	; 0x04
/Users/nebel/Library/Arduino15/packages/MiniCore/hardware/avr/3.1.1/cores/MCUdude_corefiles/wiring.c:171
  unsigned char f = timer0_fract;
 4de:	80 91 01 01 	lds	r24, 0x0101	; 0x800101 <timer0_fract>
 4e2:	8d 83       	std	Y+5, r24	; 0x05
/Users/nebel/Library/Arduino15/packages/MiniCore/hardware/avr/3.1.1/cores/MCUdude_corefiles/wiring.c:173

  f += FRACT_INC FRACT_INC_PLUS;
 4e4:	8d 81       	ldd	r24, Y+5	; 0x05
 4e6:	8d 5f       	subi	r24, 0xFD	; 253
 4e8:	8d 83       	std	Y+5, r24	; 0x05
/Users/nebel/Library/Arduino15/packages/MiniCore/hardware/avr/3.1.1/cores/MCUdude_corefiles/wiring.c:203
    ++f;
  }
#endif
#endif // CORRECT_EXACT_MILLIS

  if (f >= FRACT_MAX) {
 4ea:	8d 81       	ldd	r24, Y+5	; 0x05
 4ec:	8d 37       	cpi	r24, 0x7D	; 125
 4ee:	78 f0       	brcs	.+30     	; 0x50e <__vector_16+0x68>
/Users/nebel/Library/Arduino15/packages/MiniCore/hardware/avr/3.1.1/cores/MCUdude_corefiles/wiring.c:204
    f -= FRACT_MAX;
 4f0:	8d 81       	ldd	r24, Y+5	; 0x05
 4f2:	8d 57       	subi	r24, 0x7D	; 125
 4f4:	8d 83       	std	Y+5, r24	; 0x05
/Users/nebel/Library/Arduino15/packages/MiniCore/hardware/avr/3.1.1/cores/MCUdude_corefiles/wiring.c:205
    m += MILLIS_INC + 1;
 4f6:	89 81       	ldd	r24, Y+1	; 0x01
 4f8:	9a 81       	ldd	r25, Y+2	; 0x02
 4fa:	ab 81       	ldd	r26, Y+3	; 0x03
 4fc:	bc 81       	ldd	r27, Y+4	; 0x04
 4fe:	02 96       	adiw	r24, 0x02	; 2
 500:	a1 1d       	adc	r26, r1
 502:	b1 1d       	adc	r27, r1
 504:	89 83       	std	Y+1, r24	; 0x01
 506:	9a 83       	std	Y+2, r25	; 0x02
 508:	ab 83       	std	Y+3, r26	; 0x03
 50a:	bc 83       	std	Y+4, r27	; 0x04
 50c:	0b c0       	rjmp	.+22     	; 0x524 <__vector_16+0x7e>
/Users/nebel/Library/Arduino15/packages/MiniCore/hardware/avr/3.1.1/cores/MCUdude_corefiles/wiring.c:208
  }
  else {
    m += MILLIS_INC;
 50e:	89 81       	ldd	r24, Y+1	; 0x01
 510:	9a 81       	ldd	r25, Y+2	; 0x02
 512:	ab 81       	ldd	r26, Y+3	; 0x03
 514:	bc 81       	ldd	r27, Y+4	; 0x04
 516:	01 96       	adiw	r24, 0x01	; 1
 518:	a1 1d       	adc	r26, r1
 51a:	b1 1d       	adc	r27, r1
 51c:	89 83       	std	Y+1, r24	; 0x01
 51e:	9a 83       	std	Y+2, r25	; 0x02
 520:	ab 83       	std	Y+3, r26	; 0x03
 522:	bc 83       	std	Y+4, r27	; 0x04
/Users/nebel/Library/Arduino15/packages/MiniCore/hardware/avr/3.1.1/cores/MCUdude_corefiles/wiring.c:211
  }

  timer0_fract = f;
 524:	8d 81       	ldd	r24, Y+5	; 0x05
 526:	80 93 01 01 	sts	0x0101, r24	; 0x800101 <timer0_fract>
/Users/nebel/Library/Arduino15/packages/MiniCore/hardware/avr/3.1.1/cores/MCUdude_corefiles/wiring.c:212
  timer0_millis = m;
 52a:	89 81       	ldd	r24, Y+1	; 0x01
 52c:	9a 81       	ldd	r25, Y+2	; 0x02
 52e:	ab 81       	ldd	r26, Y+3	; 0x03
 530:	bc 81       	ldd	r27, Y+4	; 0x04
 532:	80 93 02 01 	sts	0x0102, r24	; 0x800102 <timer0_millis>
 536:	90 93 03 01 	sts	0x0103, r25	; 0x800103 <timer0_millis+0x1>
 53a:	a0 93 04 01 	sts	0x0104, r26	; 0x800104 <timer0_millis+0x2>
 53e:	b0 93 05 01 	sts	0x0105, r27	; 0x800105 <timer0_millis+0x3>
/Users/nebel/Library/Arduino15/packages/MiniCore/hardware/avr/3.1.1/cores/MCUdude_corefiles/wiring.c:214
#ifndef CORRECT_EXACT_MICROS
  timer0_overflow_count++;
 542:	80 91 06 01 	lds	r24, 0x0106	; 0x800106 <timer0_overflow_count>
 546:	90 91 07 01 	lds	r25, 0x0107	; 0x800107 <timer0_overflow_count+0x1>
 54a:	a0 91 08 01 	lds	r26, 0x0108	; 0x800108 <timer0_overflow_count+0x2>
 54e:	b0 91 09 01 	lds	r27, 0x0109	; 0x800109 <timer0_overflow_count+0x3>
 552:	01 96       	adiw	r24, 0x01	; 1
 554:	a1 1d       	adc	r26, r1
 556:	b1 1d       	adc	r27, r1
 558:	80 93 06 01 	sts	0x0106, r24	; 0x800106 <timer0_overflow_count>
 55c:	90 93 07 01 	sts	0x0107, r25	; 0x800107 <timer0_overflow_count+0x1>
 560:	a0 93 08 01 	sts	0x0108, r26	; 0x800108 <timer0_overflow_count+0x2>
 564:	b0 93 09 01 	sts	0x0109, r27	; 0x800109 <timer0_overflow_count+0x3>
/Users/nebel/Library/Arduino15/packages/MiniCore/hardware/avr/3.1.1/cores/MCUdude_corefiles/wiring.c:216
#endif
}
 568:	0f 90       	pop	r0
 56a:	0f 90       	pop	r0
 56c:	0f 90       	pop	r0
 56e:	0f 90       	pop	r0
 570:	0f 90       	pop	r0
 572:	df 91       	pop	r29
 574:	cf 91       	pop	r28
 576:	bf 91       	pop	r27
 578:	af 91       	pop	r26
 57a:	9f 91       	pop	r25
 57c:	8f 91       	pop	r24
 57e:	0f 90       	pop	r0
 580:	0f be       	out	0x3f, r0	; 63
 582:	0f 90       	pop	r0
 584:	1f 90       	pop	r1
 586:	18 95       	reti

00000588 <main>:
main():
/Users/nebel/Library/Arduino15/packages/MiniCore/hardware/avr/3.1.1/cores/MCUdude_corefiles/main.cpp:35
//void setupUSB() __attribute__((weak));
//void setupUSB() { }

int main(void)
{
  init();
 588:	0e 94 dd 01 	call	0x3ba	; 0x3ba <init>
/Users/nebel/Library/Arduino15/packages/MiniCore/hardware/avr/3.1.1/cores/MCUdude_corefiles/main.cpp:43

#if defined(USBCON)
  USBDevice.attach();
#endif
  
  setup();
 58c:	0e 94 d8 01 	call	0x3b0	; 0x3b0 <setup>
/Users/nebel/Library/Arduino15/packages/MiniCore/hardware/avr/3.1.1/cores/MCUdude_corefiles/main.cpp:46
    
  for (;;) {
    loop();
 590:	0e 94 ac 01 	call	0x358	; 0x358 <loop>
/Users/nebel/Library/Arduino15/packages/MiniCore/hardware/avr/3.1.1/cores/MCUdude_corefiles/main.cpp:47
    if (serialEventRun) serialEventRun();
 594:	80 e0       	ldi	r24, 0x00	; 0
 596:	90 e0       	ldi	r25, 0x00	; 0
 598:	89 2b       	or	r24, r25
 59a:	d1 f3       	breq	.-12     	; 0x590 <main+0x8>
 59c:	0e 94 00 00 	call	0	; 0x0 <__vectors>
 5a0:	f7 cf       	rjmp	.-18     	; 0x590 <main+0x8>

000005a2 <_exit>:
exit():
/Users/jenkins/jenkins/workspace/avr-gcc-staging/label/mac-mini/gcc-build/avr/avr5/libgcc/../../../../gcc/libgcc/config/avr/lib1funcs.S:2278
 5a2:	f8 94       	cli

000005a4 <__stop_program>:
__stop_program():
/Users/jenkins/jenkins/workspace/avr-gcc-staging/label/mac-mini/gcc-build/avr/avr5/libgcc/../../../../gcc/libgcc/config/avr/lib1funcs.S:2280
 5a4:	ff cf       	rjmp	.-2      	; 0x5a4 <__stop_program>
